2024-10-14 21:22:27,063:DEBUG:discord.gateway: For Shard ID None: WebSocket Event: {'t': 'MESSAGE_CREATE', 's': 5, 'op': 0, 'd': {'type': 0, 'tts': False, 'timestamp': '2024-10-14T21:22:26.990000+00:00', 'pinned': False, 'mentions': [], 'mention_roles': [], 'mention_everyone': False, 'member': {'roles': ['1285548694669754412', '1283274104602099783'], 'premium_since': None, 'pending': False, 'nick': None, 'mute': False, 'joined_at': '2024-09-17T10:31:33.218000+00:00', 'flags': 0, 'deaf': False, 'communication_disabled_until': None, 'banner': None, 'avatar': None}, 'id': '1295496970722349076', 'flags': 0, 'embeds': [], 'edited_timestamp': None, 'content': 'Сайн байна уу!', 'components': [], 'channel_id': '1285613692905459733', 'author': {'username': 'MongolBot', 'public_flags': 0, 'id': '1268983042425487472', 'global_name': None, 'discriminator': '3318', 'clan': None, 'bot': True, 'avatar_decoration_data': None, 'avatar': '2deeabf9d754054a0956cf0a49d71fa9'}, 'attachments': [], 'guild_id': '1283065170628837468'}}
2024-10-14 21:22:27,064:DEBUG:discord.client: Dispatching event socket_event_type
2024-10-14 21:22:27,065:DEBUG:discord.client: Dispatching event message
2024-10-14 21:22:27,117:DEBUG:discord.http: POST https://discord.com/api/v10/channels/1285613692905459733/messages with {"content":"\u0421\u0430\u0439\u043d \u0431\u0430\u0439\u043d\u0430 \u0443\u0443!","components":[],"tts":false} has returned 200
2024-10-14 21:22:27,118:DEBUG:discord.http: POST /channels/{channel_id}/messages has found its initial rate limit bucket hash (3df15bae86f6647dd4dfcbd5c6949480).
2024-10-14 21:22:27,120:DEBUG:discord.http: POST https://discord.com/api/v10/channels/1285613692905459733/messages has received {'type': 0, 'content': 'Сайн байна уу!', 'mentions': [], 'mention_roles': [], 'attachments': [], 'embeds': [], 'timestamp': '2024-10-14T21:22:26.990000+00:00', 'edited_timestamp': None, 'flags': 0, 'components': [], 'id': '1295496970722349076', 'channel_id': '1285613692905459733', 'author': {'id': '1268983042425487472', 'username': 'MongolBot', 'avatar': '2deeabf9d754054a0956cf0a49d71fa9', 'discriminator': '3318', 'public_flags': 0, 'flags': 0, 'bot': True, 'banner': None, 'accent_color': None, 'global_name': None, 'avatar_decoration_data': None, 'banner_color': None, 'clan': None}, 'pinned': False, 'mention_everyone': False, 'tts': False}
2024-10-14 21:22:39,773:DEBUG:discord.gateway: For Shard ID None: WebSocket Event: {'t': 'PRESENCE_UPDATE', 's': 6, 'op': 0, 'd': {'user': {'id': '958728412632055838'}, 'status': 'offline', 'guild_id': '1283065170628837468', 'client_status': {}, 'broadcast': None, 'activities': []}}
2024-10-14 21:22:39,776:DEBUG:discord.client: Dispatching event socket_event_type
2024-10-14 21:22:39,780:DEBUG:discord.client: Dispatching event presence_update
2024-10-14 21:22:39,845:DEBUG:discord.gateway: For Shard ID None: WebSocket Event: {'t': 'PRESENCE_UPDATE', 's': 7, 'op': 0, 'd': {'user': {'id': '958728412632055838'}, 'status': 'offline', 'guild_id': '1164387280643956819', 'client_status': {}, 'broadcast': None, 'activities': []}}
2024-10-14 21:22:39,845:DEBUG:discord.client: Dispatching event socket_event_type
2024-10-14 21:22:39,846:DEBUG:discord.client: Dispatching event presence_update
2024-10-14 21:22:42,295:DEBUG:discord.gateway: For Shard ID None: WebSocket Event: {'t': 'PRESENCE_UPDATE', 's': 8, 'op': 0, 'd': {'user': {'id': '116275390695079945'}, 'status': 'online', 'guild_id': '1283065170628837468', 'client_status': {'web': 'online'}, 'broadcast': None, 'activities': [{'type': 0, 'name': '.h for help', 'id': 'ec0b28a579ecb4bd', 'created_at': 1728940962222}]}}
2024-10-14 21:22:42,299:DEBUG:discord.client: Dispatching event socket_event_type
2024-10-14 21:22:42,299:DEBUG:discord.client: Dispatching event presence_update
2024-10-14 21:22:42,303:DEBUG:discord.gateway: For Shard ID None: WebSocket Event: {'t': 'PRESENCE_UPDATE', 's': 9, 'op': 0, 'd': {'user': {'id': '116275390695079945'}, 'status': 'online', 'guild_id': '1164387280643956819', 'client_status': {'web': 'online'}, 'broadcast': None, 'activities': [{'type': 0, 'name': '.h for help', 'id': 'ec0b28a579ecb4bd', 'created_at': 1728940962223}]}}
2024-10-14 21:22:42,303:DEBUG:discord.client: Dispatching event socket_event_type
2024-10-14 21:22:42,304:DEBUG:discord.client: Dispatching event presence_update
2024-10-14 21:22:48,868:DEBUG:discord.gateway: For Shard ID None: WebSocket Event: {'t': 'PRESENCE_UPDATE', 's': 10, 'op': 0, 'd': {'user': {'username': 'trunks247_20240525', 'id': '1232022695789727824', 'global_name': "24Alpha's heart beats for you.^^", 'discriminator': '0', 'clan': None, 'avatar_decoration_data': None, 'avatar': '95d726475dddf6f0f34b1ccd09d01343'}, 'status': 'idle', 'guild_id': '1164387280643956819', 'client_status': {'mobile': 'idle'}, 'broadcast': None, 'activities': [{'type': 4, 'state': 'Чи бол миний 24/7 байх шалтгаан.2024:05:25.\nЧи бол миний зүүдлэх шалтгаан.\nЧи бол миний инээмсэглэх шалтгаан.♥️🦢🪽', 'name': 'Custom Status', 'id': 'custom', 'created_at': 1728940968755}]}}
2024-10-14 21:22:48,871:DEBUG:discord.client: Dispatching event socket_event_type
2024-10-14 21:22:48,873:DEBUG:discord.client: Dispatching event presence_update
2024-10-14 21:22:54,058:DEBUG:discord.gateway: For Shard ID None: WebSocket Event: {'t': 'PRESENCE_UPDATE', 's': 11, 'op': 0, 'd': {'user': {'id': '1141599694221475861'}, 'status': 'online', 'guild_id': '1164387280643956819', 'client_status': {'desktop': 'online'}, 'broadcast': None, 'activities': []}}
2024-10-14 21:22:54,058:DEBUG:discord.client: Dispatching event socket_event_type
2024-10-14 21:22:54,060:DEBUG:discord.client: Dispatching event presence_update
2024-10-14 21:23:04,102:DEBUG:discord.gateway: Keeping shard ID None websocket alive with sequence 11.
2024-10-14 21:23:04,213:DEBUG:discord.gateway: For Shard ID None: WebSocket Event: {'t': None, 's': None, 'op': 11, 'd': None}
2024-10-14 21:23:04,874:DEBUG:discord.gateway: For Shard ID None: WebSocket Event: {'t': 'PRESENCE_UPDATE', 's': 12, 'op': 0, 'd': {'user': {'id': '730324232378253343'}, 'status': 'dnd', 'guild_id': '1164387280643956819', 'client_status': {'desktop': 'dnd'}, 'broadcast': None, 'activities': [{'type': 2, 'timestamps': {'start': 1728940984132, 'end': 1728941333318}, 'sync_id': '3M2bD9SMYnJIPdrTKUnBd3', 'state': 'The Smiths', 'session_id': '74d913e58163ea2cc558949dd981785b', 'party': {'id': 'spotify:730324232378253343'}, 'name': 'Spotify', 'id': 'spotify:1', 'flags': 48, 'details': "I Know It's Over - 2011 Remaster", 'created_at': 1728940984818, 'assets': {'large_text': 'The Queen Is Dead', 'large_image': 'spotify:ab67616d0000b273ada101c2e9e97feb8fae37a9'}}]}}
2024-10-14 21:23:04,874:DEBUG:discord.client: Dispatching event socket_event_type
2024-10-14 21:23:04,875:DEBUG:discord.client: Dispatching event presence_update
2024-10-14 21:23:10,701:DEBUG:discord.gateway: For Shard ID None: WebSocket Event: {'t': 'PRESENCE_UPDATE', 's': 13, 'op': 0, 'd': {'user': {'id': '816328822051045436'}, 'status': 'online', 'guild_id': '1164387280643956819', 'client_status': {'web': 'online'}, 'broadcast': None, 'activities': [{'type': 2, 'name': 'cards dropping', 'id': 'ec0b28a579ecb4bd', 'created_at': 1728940990607}]}}
2024-10-14 21:23:10,701:DEBUG:discord.client: Dispatching event socket_event_type
2024-10-14 21:23:10,702:DEBUG:discord.client: Dispatching event presence_update
2024-10-14 21:23:16,955:DEBUG:discord.gateway: For Shard ID None: WebSocket Event: {'t': 'PRESENCE_UPDATE', 's': 14, 'op': 0, 'd': {'user': {'id': '500658624109084682'}, 'status': 'online', 'guild_id': '1164387280643956819', 'client_status': {'web': 'online'}, 'broadcast': None, 'activities': [{'type': 3, 'name': '944,055 Servers!', 'id': 'ec0b28a579ecb4bd', 'created_at': 1728940989955}]}}
2024-10-14 21:23:16,956:DEBUG:discord.client: Dispatching event socket_event_type
2024-10-14 21:23:16,957:DEBUG:discord.client: Dispatching event presence_update
2024-10-14 21:23:22,259:DEBUG:discord.gateway: For Shard ID None: WebSocket Event: {'t': 'PRESENCE_UPDATE', 's': 15, 'op': 0, 'd': {'user': {'id': '408785106942164992'}, 'status': 'online', 'guild_id': '1148279487289626654', 'client_status': {'web': 'online'}, 'broadcast': None, 'activities': [{'url': 'https://www.twitch.tv/owobotplays', 'type': 1, 'name': ' with 4,165,676 servers!', 'id': 'ec0b28a579ecb4bd', 'created_at': 1728940998169}]}}
2024-10-14 21:23:22,260:DEBUG:discord.client: Dispatching event socket_event_type
2024-10-14 21:23:22,264:DEBUG:discord.client: Dispatching event presence_update
2024-10-14 21:23:29,035:DEBUG:discord.gateway: For Shard ID None: WebSocket Event: {'t': 'PRESENCE_UPDATE', 's': 16, 'op': 0, 'd': {'user': {'id': '1005560373262422177'}, 'status': 'offline', 'guild_id': '1164387280643956819', 'client_status': {}, 'broadcast': None, 'activities': []}}
2024-10-14 21:23:29,036:DEBUG:discord.client: Dispatching event socket_event_type
2024-10-14 21:23:29,036:DEBUG:discord.client: Dispatching event presence_update
2024-10-14 21:23:31,819:DEBUG:discord.gateway: For Shard ID None: WebSocket Event: {'t': 'PRESENCE_UPDATE', 's': 17, 'op': 0, 'd': {'user': {'id': '853629533855809596'}, 'status': 'online', 'guild_id': '1164387280643956819', 'client_status': {'web': 'online'}, 'broadcast': None, 'activities': [{'type': 3, 'name': '215,016 servers | Shard: 15', 'id': 'ec0b28a579ecb4bd', 'created_at': 1728941009420}]}}
2024-10-14 21:23:31,821:DEBUG:discord.client: Dispatching event socket_event_type
2024-10-14 21:23:31,822:DEBUG:discord.client: Dispatching event presence_update
2024-10-14 21:23:40,704:DEBUG:discord.gateway: For Shard ID None: WebSocket Event: {'t': 'PRESENCE_UPDATE', 's': 18, 'op': 0, 'd': {'user': {'id': '816328822051045436'}, 'status': 'online', 'guild_id': '1164387280643956819', 'client_status': {'web': 'online'}, 'broadcast': None, 'activities': [{'type': 2, 'name': 'cards dropping', 'id': 'ec0b28a579ecb4bd', 'created_at': 1728941020610}]}}
2024-10-14 21:23:40,707:DEBUG:discord.client: Dispatching event socket_event_type
2024-10-14 21:23:40,714:DEBUG:discord.client: Dispatching event presence_update
2024-10-14 21:23:42,288:DEBUG:discord.gateway: For Shard ID None: WebSocket Event: {'t': 'PRESENCE_UPDATE', 's': 19, 'op': 0, 'd': {'user': {'id': '116275390695079945'}, 'status': 'online', 'guild_id': '1164387280643956819', 'client_status': {'web': 'online'}, 'broadcast': None, 'activities': [{'type': 0, 'name': '.crypto btc', 'id': 'ec0b28a579ecb4bd', 'created_at': 1728941022225}]}}
2024-10-14 21:23:42,289:DEBUG:discord.client: Dispatching event socket_event_type
2024-10-14 21:23:42,290:DEBUG:discord.client: Dispatching event presence_update
2024-10-14 21:23:42,300:DEBUG:discord.gateway: For Shard ID None: WebSocket Event: {'t': 'PRESENCE_UPDATE', 's': 20, 'op': 0, 'd': {'user': {'id': '116275390695079945'}, 'status': 'online', 'guild_id': '1283065170628837468', 'client_status': {'web': 'online'}, 'broadcast': None, 'activities': [{'type': 0, 'name': '.crypto btc', 'id': 'ec0b28a579ecb4bd', 'created_at': 1728941022231}]}}
2024-10-14 21:23:42,301:DEBUG:discord.client: Dispatching event socket_event_type
2024-10-14 21:23:42,304:DEBUG:discord.client: Dispatching event presence_update
2024-10-14 21:23:45,355:DEBUG:discord.gateway: Keeping shard ID None websocket alive with sequence 20.
2024-10-14 21:23:45,460:DEBUG:discord.gateway: For Shard ID None: WebSocket Event: {'t': None, 's': None, 'op': 11, 'd': None}
2024-10-14 21:23:56,088:DEBUG:discord.gateway: For Shard ID None: WebSocket Event: {'t': 'TYPING_START', 's': 21, 'op': 0, 'd': {'user_id': '751055793893146624', 'timestamp': 1728941036, 'member': {'user': {'username': 'darkhub2', 'public_flags': 256, 'id': '751055793893146624', 'global_name': 'DarkMooN', 'display_name': 'DarkMooN', 'discriminator': '0', 'clan': None, 'bot': False, 'avatar_decoration_data': None, 'avatar': '2c6efdc8f348b58d289a2e0e9f2bd7f8'}, 'roles': ['1287724958612721665', '1287725033375928321', '1283274104602099783', '1284983021807861800', '1284982756144582697', '1287723581840822282', '1287724074700902440', '1285232011212099698', '1286356621257216020', '1284981753714311289', '1283068091567308923', '1286356234764554303'], 'premium_since': None, 'pending': False, 'nick': '!    DarkMooM', 'mute': False, 'joined_at': '2024-09-16T01:31:35.185000+00:00', 'flags': 0, 'deaf': False, 'communication_disabled_until': None, 'banner': None, 'avatar': None}, 'channel_id': '1285613692905459733', 'guild_id': '1283065170628837468'}}
2024-10-14 21:23:56,092:DEBUG:discord.client: Dispatching event socket_event_type
2024-10-14 21:23:56,097:DEBUG:discord.client: Dispatching event typing
2024-10-14 21:23:56,099:DEBUG:discord.client: Dispatching event raw_typing
2024-10-14 21:23:56,351:DEBUG:discord.gateway: For Shard ID None: WebSocket Event: {'t': 'MESSAGE_CREATE', 's': 22, 'op': 0, 'd': {'type': 0, 'tts': False, 'timestamp': '2024-10-14T21:23:56.251000+00:00', 'pinned': False, 'nonce': '1295497337044467712', 'mentions': [], 'mention_roles': [], 'mention_everyone': False, 'member': {'roles': ['1287724958612721665', '1287725033375928321', '1283274104602099783', '1284983021807861800', '1284982756144582697', '1287723581840822282', '1287724074700902440', '1285232011212099698', '1286356621257216020', '1284981753714311289', '1283068091567308923', '1286356234764554303'], 'premium_since': None, 'pending': False, 'nick': '!    DarkMooM', 'mute': False, 'joined_at': '2024-09-16T01:31:35.185000+00:00', 'flags': 0, 'deaf': False, 'communication_disabled_until': None, 'banner': None, 'avatar': None}, 'id': '1295497345110249513', 'flags': 0, 'embeds': [], 'edited_timestamp': None, 'content': 'mebank', 'components': [], 'channel_id': '1285613692905459733', 'author': {'username': 'darkhub2', 'public_flags': 256, 'id': '751055793893146624', 'global_name': 'DarkMooN', 'discriminator': '0', 'clan': None, 'avatar_decoration_data': None, 'avatar': '2c6efdc8f348b58d289a2e0e9f2bd7f8'}, 'attachments': [], 'guild_id': '1283065170628837468'}}
2024-10-14 21:23:56,352:DEBUG:discord.client: Dispatching event socket_event_type
2024-10-14 21:23:56,355:DEBUG:discord.client: Dispatching event message
2024-10-14 21:23:56,357:DEBUG:discord.client: Dispatching event command
2024-10-14 21:23:56,372:DEBUG:discord.client: Dispatching event command_error
2024-10-14 21:24:07,007:DEBUG:discord.gateway: For Shard ID None: WebSocket Event: {'t': 'PRESENCE_UPDATE', 's': 23, 'op': 0, 'd': {'user': {'id': '1160467289188085772'}, 'status': 'online', 'guild_id': '1164387280643956819', 'client_status': {'desktop': 'online'}, 'broadcast': None, 'activities': []}}
2024-10-14 21:24:07,011:DEBUG:discord.client: Dispatching event socket_event_type
2024-10-14 21:24:07,013:DEBUG:discord.client: Dispatching event presence_update
2024-10-14 21:24:08,960:DEBUG:discord.gateway: For Shard ID None: WebSocket Event: {'t': 'PRESENCE_UPDATE', 's': 24, 'op': 0, 'd': {'user': {'id': '728385109635366912'}, 'status': 'offline', 'guild_id': '1164387280643956819', 'client_status': {}, 'broadcast': None, 'activities': []}}
2024-10-14 21:24:08,962:DEBUG:discord.client: Dispatching event socket_event_type
2024-10-14 21:24:08,965:DEBUG:discord.client: Dispatching event presence_update
2024-10-14 21:24:10,676:DEBUG:discord.gateway: For Shard ID None: WebSocket Event: {'t': 'PRESENCE_UPDATE', 's': 25, 'op': 0, 'd': {'user': {'id': '816328822051045436'}, 'status': 'online', 'guild_id': '1164387280643956819', 'client_status': {'web': 'online'}, 'broadcast': None, 'activities': [{'type': 2, 'name': 'cards dropping', 'id': 'ec0b28a579ecb4bd', 'created_at': 1728941050600}]}}
2024-10-14 21:24:10,678:DEBUG:discord.client: Dispatching event socket_event_type
2024-10-14 21:24:10,680:DEBUG:discord.client: Dispatching event presence_update
2024-10-14 21:24:12,022:DEBUG:discord.gateway: For Shard ID None: WebSocket Event: {'t': 'PRESENCE_UPDATE', 's': 26, 'op': 0, 'd': {'user': {'id': '1160467289188085772'}, 'status': 'online', 'guild_id': '1164387280643956819', 'client_status': {'desktop': 'online'}, 'broadcast': None, 'activities': [{'type': 0, 'timestamps': {'start': 1728940597057}, 'name': 'VALORANT', 'id': 'd64fbbea3f7b4b3c', 'created_at': 1728941051961, 'application_id': '700136079562375258'}]}}
2024-10-14 21:24:12,025:DEBUG:discord.client: Dispatching event socket_event_type
2024-10-14 21:24:12,029:DEBUG:discord.client: Dispatching event presence_update
2024-10-14 21:24:16,119:DEBUG:discord.gateway: For Shard ID None: WebSocket Event: {'t': 'PRESENCE_UPDATE', 's': 27, 'op': 0, 'd': {'user': {'id': '408785106942164992'}, 'status': 'online', 'guild_id': '1164387280643956819', 'client_status': {'web': 'online'}, 'broadcast': None, 'activities': [{'url': 'https://www.twitch.tv/owobotplays', 'type': 1, 'name': ' with 4,165,677 servers!', 'id': 'ec0b28a579ecb4bd', 'created_at': 1728940992533}]}}
2024-10-14 21:24:16,125:DEBUG:discord.client: Dispatching event socket_event_type
2024-10-14 21:24:16,137:DEBUG:discord.client: Dispatching event presence_update
2024-10-14 21:24:17,346:DEBUG:discord.gateway: For Shard ID None: WebSocket Event: {'t': 'PRESENCE_UPDATE', 's': 28, 'op': 0, 'd': {'user': {'id': '408785106942164992'}, 'status': 'online', 'guild_id': '1283065170628837468', 'client_status': {'web': 'online'}, 'broadcast': None, 'activities': [{'url': 'https://www.twitch.tv/owobotplays', 'type': 1, 'name': ' with 4,165,677 servers!', 'id': 'ec0b28a579ecb4bd', 'created_at': 1728940970932}]}}
2024-10-14 21:24:17,361:DEBUG:discord.client: Dispatching event socket_event_type
2024-10-14 21:24:17,364:DEBUG:discord.client: Dispatching event presence_update
2024-10-14 21:24:26,610:DEBUG:discord.gateway: Keeping shard ID None websocket alive with sequence 28.
2024-10-14 21:24:26,728:DEBUG:discord.gateway: For Shard ID None: WebSocket Event: {'t': None, 's': None, 'op': 11, 'd': None}
2024-10-14 21:24:28,171:DEBUG:discord.gateway: For Shard ID None: WebSocket Event: {'t': 'PRESENCE_UPDATE', 's': 29, 'op': 0, 'd': {'user': {'id': '406409282020442123'}, 'status': 'idle', 'guild_id': '1164387280643956819', 'client_status': {'mobile': 'idle'}, 'broadcast': None, 'activities': []}}
2024-10-14 21:24:28,173:DEBUG:discord.client: Dispatching event socket_event_type
2024-10-14 21:24:28,175:DEBUG:discord.client: Dispatching event presence_update
2024-10-14 21:24:28,224:DEBUG:discord.gateway: For Shard ID None: WebSocket Event: {'t': 'PRESENCE_UPDATE', 's': 30, 'op': 0, 'd': {'user': {'id': '406409282020442123'}, 'status': 'idle', 'guild_id': '1283065170628837468', 'client_status': {'mobile': 'idle'}, 'broadcast': None, 'activities': []}}
2024-10-14 21:24:28,225:DEBUG:discord.client: Dispatching event socket_event_type
2024-10-14 21:24:28,227:DEBUG:discord.client: Dispatching event presence_update
2024-10-14 21:24:32,963:DEBUG:discord.gateway: For Shard ID None: WebSocket Event: {'t': 'PRESENCE_UPDATE', 's': 31, 'op': 0, 'd': {'user': {'id': '406409282020442123'}, 'status': 'online', 'guild_id': '1283065170628837468', 'client_status': {'mobile': 'idle', 'desktop': 'online'}, 'broadcast': None, 'activities': []}}
2024-10-14 21:24:32,964:DEBUG:discord.client: Dispatching event socket_event_type
2024-10-14 21:24:32,966:DEBUG:discord.client: Dispatching event presence_update
2024-10-14 21:24:32,971:DEBUG:discord.gateway: For Shard ID None: WebSocket Event: {'t': 'PRESENCE_UPDATE', 's': 32, 'op': 0, 'd': {'user': {'id': '406409282020442123'}, 'status': 'online', 'guild_id': '1164387280643956819', 'client_status': {'mobile': 'idle', 'desktop': 'online'}, 'broadcast': None, 'activities': []}}
2024-10-14 21:24:32,976:DEBUG:discord.client: Dispatching event socket_event_type
2024-10-14 21:24:32,977:DEBUG:discord.client: Dispatching event presence_update
2024-10-14 21:24:40,685:DEBUG:discord.gateway: For Shard ID None: WebSocket Event: {'t': 'PRESENCE_UPDATE', 's': 33, 'op': 0, 'd': {'user': {'id': '816328822051045436'}, 'status': 'online', 'guild_id': '1164387280643956819', 'client_status': {'web': 'online'}, 'broadcast': None, 'activities': [{'type': 0, 'name': 'New server! -> 100% uptime', 'id': 'ec0b28a579ecb4bd', 'created_at': 1728941080603}]}}
2024-10-14 21:24:40,686:DEBUG:discord.client: Dispatching event socket_event_type
2024-10-14 21:24:40,694:DEBUG:discord.client: Dispatching event presence_update
2024-10-14 21:24:42,293:DEBUG:discord.gateway: For Shard ID None: WebSocket Event: {'t': 'PRESENCE_UPDATE', 's': 34, 'op': 0, 'd': {'user': {'id': '116275390695079945'}, 'status': 'online', 'guild_id': '1164387280643956819', 'client_status': {'web': 'online'}, 'broadcast': None, 'activities': [{'type': 0, 'name': '.ani steins;gate', 'id': 'ec0b28a579ecb4bd', 'created_at': 1728941082226}]}}
2024-10-14 21:24:42,294:DEBUG:discord.client: Dispatching event socket_event_type
2024-10-14 21:24:42,295:DEBUG:discord.client: Dispatching event presence_update
2024-10-14 21:24:42,315:DEBUG:discord.gateway: For Shard ID None: WebSocket Event: {'t': 'PRESENCE_UPDATE', 's': 35, 'op': 0, 'd': {'user': {'id': '116275390695079945'}, 'status': 'online', 'guild_id': '1283065170628837468', 'client_status': {'web': 'online'}, 'broadcast': None, 'activities': [{'type': 0, 'name': '.ani steins;gate', 'id': 'ec0b28a579ecb4bd', 'created_at': 1728941082228}]}}
2024-10-14 21:24:42,319:DEBUG:discord.client: Dispatching event socket_event_type
2024-10-14 21:24:42,320:DEBUG:discord.client: Dispatching event presence_update
2024-10-14 21:24:49,127:DEBUG:discord.gateway: For Shard ID None: WebSocket Event: {'t': 'PRESENCE_UPDATE', 's': 36, 'op': 0, 'd': {'user': {'id': '1232022695789727824'}, 'status': 'offline', 'guild_id': '1164387280643956819', 'client_status': {}, 'broadcast': None, 'activities': []}}
2024-10-14 21:24:49,127:DEBUG:discord.client: Dispatching event socket_event_type
2024-10-14 21:24:49,128:DEBUG:discord.client: Dispatching event presence_update
2024-10-14 21:25:07,867:DEBUG:discord.gateway: Keeping shard ID None websocket alive with sequence 36.
2024-10-14 21:25:07,981:DEBUG:discord.gateway: For Shard ID None: WebSocket Event: {'t': None, 's': None, 'op': 11, 'd': None}
2024-10-14 21:25:10,678:DEBUG:discord.gateway: For Shard ID None: WebSocket Event: {'t': 'PRESENCE_UPDATE', 's': 37, 'op': 0, 'd': {'user': {'id': '816328822051045436'}, 'status': 'online', 'guild_id': '1164387280643956819', 'client_status': {'web': 'online'}, 'broadcast': None, 'activities': [{'type': 0, 'name': 'Join the official server for free giveaways! sf.invite', 'id': 'ec0b28a579ecb4bd', 'created_at': 1728941110601}]}}
2024-10-14 21:25:10,679:DEBUG:discord.client: Dispatching event socket_event_type
2024-10-14 21:25:10,680:DEBUG:discord.client: Dispatching event presence_update
2024-10-14 21:25:11,656:DEBUG:discord.gateway: For Shard ID None: WebSocket Event: {'t': 'PRESENCE_UPDATE', 's': 38, 'op': 0, 'd': {'user': {'id': '871716396093022238'}, 'status': 'online', 'guild_id': '1164387280643956819', 'client_status': {'mobile': 'online'}, 'broadcast': None, 'activities': []}}
2024-10-14 21:25:11,660:DEBUG:discord.client: Dispatching event socket_event_type
2024-10-14 21:25:11,661:DEBUG:discord.client: Dispatching event presence_update
2024-10-14 21:25:17,681:DEBUG:discord.gateway: For Shard ID None: WebSocket Event: {'t': 'PRESENCE_UPDATE', 's': 39, 'op': 0, 'd': {'user': {'id': '656621136808902656'}, 'status': 'online', 'guild_id': '1164387280643956819', 'client_status': {'web': 'online'}, 'broadcast': None, 'activities': [{'url': 'https://www.twitch.tv/stqlth', 'type': 1, 'name': 'New Zodiac Update!', 'id': 'ec0b28a579ecb4bd', 'created_at': 1728941100508}]}}
2024-10-14 21:25:17,682:DEBUG:discord.client: Dispatching event socket_event_type
2024-10-14 21:25:17,690:DEBUG:discord.client: Dispatching event presence_update
2024-10-14 21:25:18,895:DEBUG:discord.gateway: For Shard ID None: WebSocket Event: {'t': 'PRESENCE_UPDATE', 's': 40, 'op': 0, 'd': {'user': {'id': '656621136808902656'}, 'status': 'online', 'guild_id': '1283065170628837468', 'client_status': {'web': 'online'}, 'broadcast': None, 'activities': [{'url': 'https://www.twitch.tv/stqlth', 'type': 1, 'name': 'New Zodiac Update!', 'id': 'ec0b28a579ecb4bd', 'created_at': 1728941100368}]}}
2024-10-14 21:25:18,896:DEBUG:discord.client: Dispatching event socket_event_type
2024-10-14 21:25:18,903:DEBUG:discord.client: Dispatching event presence_update
2024-10-14 21:25:31,254:DEBUG:discord.gateway: For Shard ID None: WebSocket Event: {'t': 'PRESENCE_UPDATE', 's': 41, 'op': 0, 'd': {'user': {'username': 'trunks247_20240525', 'id': '1232022695789727824', 'global_name': "24Alpha's heart beats for you.^^", 'discriminator': '0', 'clan': None, 'avatar_decoration_data': None, 'avatar': '95d726475dddf6f0f34b1ccd09d01343'}, 'status': 'idle', 'guild_id': '1164387280643956819', 'client_status': {'mobile': 'idle'}, 'broadcast': None, 'activities': [{'type': 4, 'state': 'Чи бол миний 24/7 байх шалтгаан.2024:05:25.\nЧи бол миний зүүдлэх шалтгаан.\nЧи бол миний инээмсэглэх шалтгаан.♥️🦢🪽', 'name': 'Custom Status', 'id': 'custom', 'created_at': 1728941131185}]}}
2024-10-14 21:25:31,256:DEBUG:discord.client: Dispatching event socket_event_type
2024-10-14 21:25:31,258:DEBUG:discord.client: Dispatching event presence_update
2024-10-14 21:25:36,080:DEBUG:discord.gateway: For Shard ID None: WebSocket Event: {'t': 'PRESENCE_UPDATE', 's': 42, 'op': 0, 'd': {'user': {'id': '871716396093022238'}, 'status': 'idle', 'guild_id': '1164387280643956819', 'client_status': {'mobile': 'idle'}, 'broadcast': None, 'activities': []}}
2024-10-14 21:25:36,081:DEBUG:discord.client: Dispatching event socket_event_type
2024-10-14 21:25:36,081:DEBUG:discord.client: Dispatching event presence_update
2024-10-14 21:25:37,908:DEBUG:discord.gateway: For Shard ID None: WebSocket Event: {'t': 'PRESENCE_UPDATE', 's': 43, 'op': 0, 'd': {'user': {'username': 'milfie.', 'id': '708798739002818663', 'global_name': 'MILFIE.', 'discriminator': '0', 'clan': None, 'avatar_decoration_data': None, 'avatar': 'c95535b75b82be6b3da4ec98741a7367'}, 'status': 'dnd', 'guild_id': '1164387280643956819', 'client_status': {'mobile': 'dnd'}, 'broadcast': None, 'activities': []}}
2024-10-14 21:25:37,909:DEBUG:discord.client: Dispatching event socket_event_type
2024-10-14 21:25:37,910:DEBUG:discord.client: Dispatching event presence_update
2024-10-14 21:25:40,671:DEBUG:discord.gateway: For Shard ID None: WebSocket Event: {'t': 'PRESENCE_UPDATE', 's': 44, 'op': 0, 'd': {'user': {'id': '816328822051045436'}, 'status': 'online', 'guild_id': '1164387280643956819', 'client_status': {'web': 'online'}, 'broadcast': None, 'activities': [{'type': 2, 'name': 'cards dropping', 'id': 'ec0b28a579ecb4bd', 'created_at': 1728941140602}]}}
2024-10-14 21:25:40,678:DEBUG:discord.client: Dispatching event socket_event_type
2024-10-14 21:25:40,689:DEBUG:discord.client: Dispatching event presence_update
2024-10-14 21:25:42,324:DEBUG:discord.gateway: For Shard ID None: WebSocket Event: {'t': 'PRESENCE_UPDATE', 's': 45, 'op': 0, 'd': {'user': {'id': '116275390695079945'}, 'status': 'online', 'guild_id': '1164387280643956819', 'client_status': {'web': 'online'}, 'broadcast': None, 'activities': [{'type': 0, 'name': '.trivia --pokemon', 'id': 'ec0b28a579ecb4bd', 'created_at': 1728941142221}]}}
2024-10-14 21:25:42,326:DEBUG:discord.client: Dispatching event socket_event_type
2024-10-14 21:25:42,327:DEBUG:discord.client: Dispatching event presence_update
2024-10-14 21:25:42,343:DEBUG:discord.gateway: For Shard ID None: WebSocket Event: {'t': 'PRESENCE_UPDATE', 's': 46, 'op': 0, 'd': {'user': {'id': '116275390695079945'}, 'status': 'online', 'guild_id': '1283065170628837468', 'client_status': {'web': 'online'}, 'broadcast': None, 'activities': [{'type': 0, 'name': '.trivia --pokemon', 'id': 'ec0b28a579ecb4bd', 'created_at': 1728941142222}]}}
2024-10-14 21:25:42,344:DEBUG:discord.client: Dispatching event socket_event_type
2024-10-14 21:25:42,344:DEBUG:discord.client: Dispatching event presence_update
2024-10-14 21:25:44,363:DEBUG:discord.gateway: For Shard ID None: WebSocket Event: {'t': 'PRESENCE_UPDATE', 's': 47, 'op': 0, 'd': {'user': {'username': 'orny_0412', 'id': '1067391223582707742', 'global_name': '…..', 'discriminator': '0', 'clan': None, 'avatar_decoration_data': None, 'avatar': '024685e3b55fbcb4579e1bf1fd465177'}, 'status': 'dnd', 'guild_id': '1164387280643956819', 'client_status': {'mobile': 'dnd'}, 'broadcast': None, 'activities': []}}
2024-10-14 21:25:44,364:DEBUG:discord.client: Dispatching event socket_event_type
2024-10-14 21:25:44,365:DEBUG:discord.client: Dispatching event presence_update
2024-10-14 21:25:49,125:DEBUG:discord.gateway: Keeping shard ID None websocket alive with sequence 47.
2024-10-14 21:25:49,243:DEBUG:discord.gateway: For Shard ID None: WebSocket Event: {'t': None, 's': None, 'op': 11, 'd': None}
2024-10-14 21:25:50,733:DEBUG:discord.gateway: For Shard ID None: WebSocket Event: {'t': 'PRESENCE_UPDATE', 's': 48, 'op': 0, 'd': {'user': {'id': '853629533855809596'}, 'status': 'online', 'guild_id': '1283065170628837468', 'client_status': {'web': 'online'}, 'broadcast': None, 'activities': [{'type': 3, 'name': '215,017 servers | Shard: 28', 'id': 'ec0b28a579ecb4bd', 'created_at': 1728941144839}]}}
2024-10-14 21:25:50,734:DEBUG:discord.client: Dispatching event socket_event_type
2024-10-14 21:25:50,734:DEBUG:discord.client: Dispatching event presence_update
2024-10-14 21:26:10,693:DEBUG:discord.gateway: For Shard ID None: WebSocket Event: {'t': 'PRESENCE_UPDATE', 's': 49, 'op': 0, 'd': {'user': {'id': '816328822051045436'}, 'status': 'online', 'guild_id': '1164387280643956819', 'client_status': {'web': 'online'}, 'broadcast': None, 'activities': [{'type': 3, 'name': "Karuta's drops!", 'id': 'ec0b28a579ecb4bd', 'created_at': 1728941170602}]}}
2024-10-14 21:26:10,696:DEBUG:discord.client: Dispatching event socket_event_type
2024-10-14 21:26:10,697:DEBUG:discord.client: Dispatching event presence_update
2024-10-14 21:26:12,156:DEBUG:discord.gateway: For Shard ID None: WebSocket Event: {'t': 'PRESENCE_UPDATE', 's': 50, 'op': 0, 'd': {'user': {'id': '1290339994132545648'}, 'status': 'online', 'guild_id': '1164387280643956819', 'client_status': {'mobile': 'online'}, 'broadcast': None, 'activities': []}}
2024-10-14 21:26:12,157:DEBUG:discord.client: Dispatching event socket_event_type
2024-10-14 21:26:12,157:DEBUG:discord.client: Dispatching event presence_update
2024-10-14 21:26:30,386:DEBUG:discord.gateway: Keeping shard ID None websocket alive with sequence 50.
2024-10-14 21:26:30,496:DEBUG:discord.gateway: For Shard ID None: WebSocket Event: {'t': None, 's': None, 'op': 11, 'd': None}
2024-10-14 21:26:42,324:DEBUG:discord.gateway: For Shard ID None: WebSocket Event: {'t': 'PRESENCE_UPDATE', 's': 51, 'op': 0, 'd': {'user': {'id': '116275390695079945'}, 'status': 'online', 'guild_id': '1164387280643956819', 'client_status': {'web': 'online'}, 'broadcast': None, 'activities': [{'type': 0, 'name': '.draw 5', 'id': 'ec0b28a579ecb4bd', 'created_at': 1728941202222}]}}
2024-10-14 21:26:42,329:DEBUG:discord.client: Dispatching event socket_event_type
2024-10-14 21:26:42,334:DEBUG:discord.client: Dispatching event presence_update
2024-10-14 21:26:42,338:DEBUG:discord.gateway: For Shard ID None: WebSocket Event: {'t': 'PRESENCE_UPDATE', 's': 52, 'op': 0, 'd': {'user': {'id': '116275390695079945'}, 'status': 'online', 'guild_id': '1283065170628837468', 'client_status': {'web': 'online'}, 'broadcast': None, 'activities': [{'type': 0, 'name': '.draw 5', 'id': 'ec0b28a579ecb4bd', 'created_at': 1728941202221}]}}
2024-10-14 21:26:42,343:DEBUG:discord.client: Dispatching event socket_event_type
2024-10-14 21:26:42,345:DEBUG:discord.client: Dispatching event presence_update
2024-10-14 21:26:44,369:DEBUG:discord.gateway: For Shard ID None: WebSocket Event: {'t': 'PRESENCE_UPDATE', 's': 53, 'op': 0, 'd': {'user': {'id': '1225923834209632267'}, 'status': 'idle', 'guild_id': '1283065170628837468', 'client_status': {'web': 'idle', 'mobile': 'idle'}, 'broadcast': None, 'activities': []}}
2024-10-14 21:26:44,370:DEBUG:discord.client: Dispatching event socket_event_type
2024-10-14 21:26:44,379:DEBUG:discord.client: Dispatching event presence_update
2024-10-14 21:26:44,401:DEBUG:discord.gateway: For Shard ID None: WebSocket Event: {'t': 'PRESENCE_UPDATE', 's': 54, 'op': 0, 'd': {'user': {'id': '1225923834209632267'}, 'status': 'idle', 'guild_id': '1164387280643956819', 'client_status': {'web': 'idle', 'mobile': 'idle'}, 'broadcast': None, 'activities': []}}
2024-10-14 21:26:44,402:DEBUG:discord.client: Dispatching event socket_event_type
2024-10-14 21:26:44,408:DEBUG:discord.client: Dispatching event presence_update
2024-10-14 21:26:45,954:DEBUG:discord.gateway: For Shard ID None: WebSocket Event: {'t': 'PRESENCE_UPDATE', 's': 55, 'op': 0, 'd': {'user': {'id': '372831574942679040'}, 'status': 'online', 'guild_id': '1164387280643956819', 'client_status': {'web': 'online'}, 'broadcast': None, 'activities': [{'type': 3, 'name': '/server setup', 'id': 'ec0b28a579ecb4bd', 'created_at': 1728941205892}]}}
2024-10-14 21:26:45,957:DEBUG:discord.client: Dispatching event socket_event_type
2024-10-14 21:26:45,958:DEBUG:discord.client: Dispatching event presence_update
2024-10-14 21:27:01,935:DEBUG:discord.gateway: For Shard ID None: WebSocket Event: {'t': 'PRESENCE_UPDATE', 's': 56, 'op': 0, 'd': {'user': {'username': 'wequals7777', 'public_flags': 64, 'id': '1195028384267370548', 'global_name': 'Weq', 'discriminator': '0', 'clan': None, 'avatar_decoration_data': None, 'avatar': '4e70524b07b3678404e082545e6653f7'}, 'status': 'idle', 'guild_id': '1164387280643956819', 'client_status': {'mobile': 'idle'}, 'broadcast': None, 'activities': []}}
2024-10-14 21:27:01,936:DEBUG:discord.client: Dispatching event socket_event_type
2024-10-14 21:27:01,937:DEBUG:discord.client: Dispatching event presence_update
2024-10-14 21:27:10,686:DEBUG:discord.gateway: For Shard ID None: WebSocket Event: {'t': 'PRESENCE_UPDATE', 's': 57, 'op': 0, 'd': {'user': {'id': '816328822051045436'}, 'status': 'online', 'guild_id': '1164387280643956819', 'client_status': {'web': 'online'}, 'broadcast': None, 'activities': [{'type': 0, 'name': 'New server! -> 100% uptime', 'id': 'ec0b28a579ecb4bd', 'created_at': 1728941230605}]}}
2024-10-14 21:27:10,687:DEBUG:discord.client: Dispatching event socket_event_type
2024-10-14 21:27:10,691:DEBUG:discord.client: Dispatching event presence_update
2024-10-14 21:27:11,662:DEBUG:discord.gateway: Keeping shard ID None websocket alive with sequence 57.
2024-10-14 21:27:11,766:DEBUG:discord.gateway: For Shard ID None: WebSocket Event: {'t': None, 's': None, 'op': 11, 'd': None}
2024-10-14 21:27:13,768:DEBUG:discord.gateway: For Shard ID None: WebSocket Event: {'t': 'PRESENCE_UPDATE', 's': 58, 'op': 0, 'd': {'user': {'username': 'shehsusisisis', 'public_flags': 256, 'id': '531190048914145299', 'global_name': 'Bard', 'discriminator': '0', 'clan': None, 'avatar_decoration_data': None, 'avatar': '14a7bdbc97035d746aa46974a662bbc6'}, 'status': 'idle', 'guild_id': '1164387280643956819', 'client_status': {'desktop': 'idle'}, 'broadcast': None, 'activities': []}}
2024-10-14 21:27:13,769:DEBUG:discord.client: Dispatching event socket_event_type
2024-10-14 21:27:13,772:DEBUG:discord.client: Dispatching event user_update
2024-10-14 21:27:13,773:DEBUG:discord.client: Dispatching event presence_update
2024-10-14 21:27:13,775:DEBUG:discord.gateway: For Shard ID None: WebSocket Event: {'t': 'GUILD_MEMBER_UPDATE', 's': 59, 'op': 0, 'd': {'user': {'username': 'shehsusisisis', 'public_flags': 256, 'id': '531190048914145299', 'global_name': 'Bard', 'display_name': 'Bard', 'discriminator': '0', 'clan': None, 'bot': False, 'avatar_decoration_data': None, 'avatar': '14a7bdbc97035d746aa46974a662bbc6'}, 'roles': ['1246479341953617960', '1248601856003805194'], 'premium_since': None, 'pending': False, 'nick': None, 'mute': False, 'joined_at': '2024-07-20T10:29:21.796000+00:00', 'guild_id': '1164387280643956819', 'flags': 0, 'deaf': False, 'communication_disabled_until': None, 'banner': None, 'avatar': None}}
2024-10-14 21:27:13,777:DEBUG:discord.client: Dispatching event socket_event_type
2024-10-14 21:27:13,778:DEBUG:discord.client: Dispatching event member_update
2024-10-14 21:27:38,276:DEBUG:discord.gateway: For Shard ID None: WebSocket Event: {'t': 'PRESENCE_UPDATE', 's': 60, 'op': 0, 'd': {'user': {'id': '708798739002818663'}, 'status': 'offline', 'guild_id': '1164387280643956819', 'client_status': {}, 'broadcast': None, 'activities': []}}
2024-10-14 21:27:38,277:DEBUG:discord.client: Dispatching event socket_event_type
2024-10-14 21:27:38,278:DEBUG:discord.client: Dispatching event presence_update
2024-10-14 21:27:40,716:DEBUG:discord.gateway: For Shard ID None: WebSocket Event: {'t': 'PRESENCE_UPDATE', 's': 61, 'op': 0, 'd': {'user': {'id': '816328822051045436'}, 'status': 'online', 'guild_id': '1164387280643956819', 'client_status': {'web': 'online'}, 'broadcast': None, 'activities': [{'type': 0, 'name': 'Join the official server for free giveaways! sf.invite', 'id': 'ec0b28a579ecb4bd', 'created_at': 1728941260645}]}}
2024-10-14 21:27:40,717:DEBUG:discord.client: Dispatching event socket_event_type
2024-10-14 21:27:40,718:DEBUG:discord.client: Dispatching event presence_update
2024-10-14 21:27:42,297:DEBUG:discord.gateway: For Shard ID None: WebSocket Event: {'t': 'PRESENCE_UPDATE', 's': 62, 'op': 0, 'd': {'user': {'id': '116275390695079945'}, 'status': 'online', 'guild_id': '1283065170628837468', 'client_status': {'web': 'online'}, 'broadcast': None, 'activities': [{'type': 0, 'name': '.h greet', 'id': 'ec0b28a579ecb4bd', 'created_at': 1728941262224}]}}
2024-10-14 21:27:42,298:DEBUG:discord.client: Dispatching event socket_event_type
2024-10-14 21:27:42,299:DEBUG:discord.client: Dispatching event presence_update
2024-10-14 21:27:42,309:DEBUG:discord.gateway: For Shard ID None: WebSocket Event: {'t': 'PRESENCE_UPDATE', 's': 63, 'op': 0, 'd': {'user': {'id': '116275390695079945'}, 'status': 'online', 'guild_id': '1164387280643956819', 'client_status': {'web': 'online'}, 'broadcast': None, 'activities': [{'type': 0, 'name': '.h greet', 'id': 'ec0b28a579ecb4bd', 'created_at': 1728941262223}]}}
2024-10-14 21:27:42,310:DEBUG:discord.client: Dispatching event socket_event_type
2024-10-14 21:27:42,311:DEBUG:discord.client: Dispatching event presence_update
2024-10-14 21:27:50,689:DEBUG:discord.gateway: For Shard ID None: WebSocket Event: {'t': 'PRESENCE_UPDATE', 's': 64, 'op': 0, 'd': {'user': {'username': 'poyoyo1512', 'id': '1005560373262422177', 'global_name': 'poyoyo', 'discriminator': '0', 'clan': None, 'avatar_decoration_data': None, 'avatar': '6dc3f858dd19d60f6671c0c225467eb1'}, 'status': 'dnd', 'guild_id': '1164387280643956819', 'client_status': {'mobile': 'dnd'}, 'broadcast': None, 'activities': []}}
2024-10-14 21:27:50,690:DEBUG:discord.client: Dispatching event socket_event_type
2024-10-14 21:27:50,690:DEBUG:discord.client: Dispatching event presence_update
2024-10-14 21:27:52,920:DEBUG:discord.gateway: Keeping shard ID None websocket alive with sequence 64.
2024-10-14 21:27:53,024:DEBUG:discord.gateway: For Shard ID None: WebSocket Event: {'t': None, 's': None, 'op': 11, 'd': None}
2024-10-14 21:28:10,715:DEBUG:discord.gateway: For Shard ID None: WebSocket Event: {'t': 'PRESENCE_UPDATE', 's': 65, 'op': 0, 'd': {'user': {'id': '816328822051045436'}, 'status': 'online', 'guild_id': '1164387280643956819', 'client_status': {'web': 'online'}, 'broadcast': None, 'activities': [{'type': 3, 'name': "Karuta's drops!", 'id': 'ec0b28a579ecb4bd', 'created_at': 1728941290645}]}}
2024-10-14 21:28:10,716:DEBUG:discord.client: Dispatching event socket_event_type
2024-10-14 21:28:10,720:DEBUG:discord.client: Dispatching event presence_update
2024-10-14 21:28:12,253:DEBUG:discord.gateway: For Shard ID None: WebSocket Event: {'t': 'PRESENCE_UPDATE', 's': 66, 'op': 0, 'd': {'user': {'username': 'rvlixxsia', 'id': '1165963909757403269', 'global_name': 'oh, to be arabella', 'discriminator': '0', 'clan': None, 'avatar_decoration_data': None, 'avatar': '48bc4909c94a6655b90ea583f1c50621'}, 'status': 'dnd', 'guild_id': '1164387280643956819', 'client_status': {'mobile': 'dnd'}, 'broadcast': None, 'activities': []}}
2024-10-14 21:28:12,256:DEBUG:discord.client: Dispatching event socket_event_type
2024-10-14 21:28:12,264:DEBUG:discord.client: Dispatching event presence_update
2024-10-14 21:28:12,542:DEBUG:discord.gateway: For Shard ID None: WebSocket Event: {'t': 'PRESENCE_UPDATE', 's': 67, 'op': 0, 'd': {'user': {'id': '1067391223582707742'}, 'status': 'offline', 'guild_id': '1164387280643956819', 'client_status': {}, 'broadcast': None, 'activities': []}}
2024-10-14 21:28:12,551:DEBUG:discord.client: Dispatching event socket_event_type
2024-10-14 21:28:12,553:DEBUG:discord.client: Dispatching event presence_update
2024-10-14 21:28:13,077:DEBUG:discord.gateway: For Shard ID None: WebSocket Event: {'t': 'PRESENCE_UPDATE', 's': 68, 'op': 0, 'd': {'user': {'id': '1165963909757403269'}, 'status': 'dnd', 'guild_id': '1164387280643956819', 'client_status': {'mobile': 'dnd'}, 'broadcast': None, 'activities': [{'type': 4, 'state': 'unshsn nomniiho taalagdsn hesgiig huvaaltsj baigaarai', 'name': 'Custom Status', 'id': 'custom', 'created_at': 1728941293014}]}}
2024-10-14 21:28:13,078:DEBUG:discord.client: Dispatching event socket_event_type
2024-10-14 21:28:13,079:DEBUG:discord.client: Dispatching event presence_update
2024-10-14 21:28:17,905:DEBUG:discord.gateway: For Shard ID None: WebSocket Event: {'t': 'PRESENCE_UPDATE', 's': 69, 'op': 0, 'd': {'user': {'id': '408785106942164992'}, 'status': 'online', 'guild_id': '1164387280643956819', 'client_status': {'web': 'online'}, 'broadcast': None, 'activities': [{'url': 'https://www.twitch.tv/owobotplays', 'type': 1, 'name': ' with 4,165,673 servers!', 'id': 'ec0b28a579ecb4bd', 'created_at': 1728941292537}]}}
2024-10-14 21:28:17,905:DEBUG:discord.client: Dispatching event socket_event_type
2024-10-14 21:28:17,906:DEBUG:discord.client: Dispatching event presence_update
2024-10-14 21:28:33,905:DEBUG:discord.gateway: For Shard ID None: WebSocket Event: {'t': 'PRESENCE_UPDATE', 's': 70, 'op': 0, 'd': {'user': {'id': '918601476778106880'}, 'status': 'offline', 'guild_id': '1164387280643956819', 'client_status': {}, 'broadcast': None, 'activities': []}}
2024-10-14 21:28:33,907:DEBUG:discord.client: Dispatching event socket_event_type
2024-10-14 21:28:33,907:DEBUG:discord.client: Dispatching event presence_update
2024-10-14 21:28:34,174:DEBUG:discord.gateway: Keeping shard ID None websocket alive with sequence 70.
2024-10-14 21:28:34,284:DEBUG:discord.gateway: For Shard ID None: WebSocket Event: {'t': None, 's': None, 'op': 11, 'd': None}
2024-10-14 21:28:40,728:DEBUG:discord.gateway: For Shard ID None: WebSocket Event: {'t': 'PRESENCE_UPDATE', 's': 71, 'op': 0, 'd': {'user': {'id': '816328822051045436'}, 'status': 'online', 'guild_id': '1164387280643956819', 'client_status': {'web': 'online'}, 'broadcast': None, 'activities': [{'type': 0, 'name': 'Join the official server for free giveaways! sf.invite', 'id': 'ec0b28a579ecb4bd', 'created_at': 1728941320647}]}}
2024-10-14 21:28:40,730:DEBUG:discord.client: Dispatching event socket_event_type
2024-10-14 21:28:40,739:DEBUG:discord.client: Dispatching event presence_update
2024-10-14 21:28:42,295:DEBUG:discord.gateway: For Shard ID None: WebSocket Event: {'t': 'PRESENCE_UPDATE', 's': 72, 'op': 0, 'd': {'user': {'id': '116275390695079945'}, 'status': 'online', 'guild_id': '1164387280643956819', 'client_status': {'web': 'online'}, 'broadcast': None, 'activities': [{'type': 0, 'name': '.h aar', 'id': 'ec0b28a579ecb4bd', 'created_at': 1728941322225}]}}
2024-10-14 21:28:42,296:DEBUG:discord.client: Dispatching event socket_event_type
2024-10-14 21:28:42,296:DEBUG:discord.client: Dispatching event presence_update
2024-10-14 21:28:42,298:DEBUG:discord.gateway: For Shard ID None: WebSocket Event: {'t': 'PRESENCE_UPDATE', 's': 73, 'op': 0, 'd': {'user': {'id': '116275390695079945'}, 'status': 'online', 'guild_id': '1283065170628837468', 'client_status': {'web': 'online'}, 'broadcast': None, 'activities': [{'type': 0, 'name': '.h aar', 'id': 'ec0b28a579ecb4bd', 'created_at': 1728941322225}]}}
2024-10-14 21:28:42,299:DEBUG:discord.client: Dispatching event socket_event_type
2024-10-14 21:28:42,299:DEBUG:discord.client: Dispatching event presence_update
2024-10-14 21:28:48,176:DEBUG:discord.gateway: For Shard ID None: WebSocket Event: {'t': 'PRESENCE_UPDATE', 's': 74, 'op': 0, 'd': {'user': {'id': '408785106942164992'}, 'status': 'online', 'guild_id': '1283065170628837468', 'client_status': {'web': 'online'}, 'broadcast': None, 'activities': [{'url': 'https://www.twitch.tv/owobotplays', 'type': 1, 'name': ' with 4,165,671 servers!', 'id': 'ec0b28a579ecb4bd', 'created_at': 1728941270933}]}}
2024-10-14 21:28:48,177:DEBUG:discord.client: Dispatching event socket_event_type
2024-10-14 21:28:48,179:DEBUG:discord.client: Dispatching event presence_update
2024-10-14 21:28:51,717:DEBUG:discord.gateway: For Shard ID None: WebSocket Event: {'t': 'PRESENCE_UPDATE', 's': 75, 'op': 0, 'd': {'user': {'id': '408785106942164992'}, 'status': 'online', 'guild_id': '1148279487289626654', 'client_status': {'web': 'online'}, 'broadcast': None, 'activities': [{'url': 'https://www.twitch.tv/owobotplays', 'type': 1, 'name': ' with 4,165,673 servers!', 'id': 'ec0b28a579ecb4bd', 'created_at': 1728941298180}]}}
2024-10-14 21:28:51,718:DEBUG:discord.client: Dispatching event socket_event_type
2024-10-14 21:28:51,719:DEBUG:discord.client: Dispatching event presence_update
2024-10-14 21:28:52,606:DEBUG:discord.gateway: For Shard ID None: WebSocket Event: {'t': 'PRESENCE_UPDATE', 's': 76, 'op': 0, 'd': {'user': {'id': '727190358219292752'}, 'status': 'offline', 'guild_id': '1164387280643956819', 'client_status': {}, 'broadcast': None, 'activities': []}}
2024-10-14 21:28:52,607:DEBUG:discord.client: Dispatching event socket_event_type
2024-10-14 21:28:52,608:DEBUG:discord.client: Dispatching event presence_update
2024-10-14 21:28:54,571:DEBUG:discord.gateway: For Shard ID None: WebSocket Event: {'t': 'PRESENCE_UPDATE', 's': 77, 'op': 0, 'd': {'user': {'id': '730324232378253343'}, 'status': 'dnd', 'guild_id': '1164387280643956819', 'client_status': {'desktop': 'dnd'}, 'broadcast': None, 'activities': [{'type': 2, 'timestamps': {'start': 1728941333854, 'end': 1728941491958}, 'sync_id': '7EDcAz6iuKSkxH4VcC3Oko', 'state': 'alex_g_offline', 'session_id': '74d913e58163ea2cc558949dd981785b', 'party': {'id': 'spotify:730324232378253343'}, 'name': 'Spotify', 'id': 'spotify:1', 'flags': 48, 'details': 'I Wait for You', 'created_at': 1728941334516, 'assets': {'large_text': '1234', 'large_image': 'spotify:ab67616d0000b273072e2599e77865ae194b8345'}}]}}
2024-10-14 21:28:54,572:DEBUG:discord.client: Dispatching event socket_event_type
2024-10-14 21:28:54,573:DEBUG:discord.client: Dispatching event presence_update
2024-10-14 21:29:10,747:DEBUG:discord.gateway: For Shard ID None: WebSocket Event: {'t': 'PRESENCE_UPDATE', 's': 78, 'op': 0, 'd': {'user': {'id': '816328822051045436'}, 'status': 'online', 'guild_id': '1164387280643956819', 'client_status': {'web': 'online'}, 'broadcast': None, 'activities': [{'type': 2, 'name': 'cards dropping', 'id': 'ec0b28a579ecb4bd', 'created_at': 1728941350647}]}}
2024-10-14 21:29:10,747:DEBUG:discord.client: Dispatching event socket_event_type
2024-10-14 21:29:10,748:DEBUG:discord.client: Dispatching event presence_update
2024-10-14 21:29:13,179:DEBUG:discord.gateway: For Shard ID None: WebSocket Event: {'t': 'PRESENCE_UPDATE', 's': 79, 'op': 0, 'd': {'user': {'username': 'khandgai', 'id': '1087015996918874142', 'global_name': '🫎Хандгай🫎', 'discriminator': '0', 'clan': None, 'avatar_decoration_data': None, 'avatar': 'af669299a5cb2264496ec686e83ebd96'}, 'status': 'online', 'guild_id': '1164387280643956819', 'client_status': {'mobile': 'online'}, 'broadcast': None, 'activities': []}}
2024-10-14 21:29:13,182:DEBUG:discord.client: Dispatching event socket_event_type
2024-10-14 21:29:13,183:DEBUG:discord.client: Dispatching event presence_update
2024-10-14 21:29:15,429:DEBUG:discord.gateway: Keeping shard ID None websocket alive with sequence 79.
2024-10-14 21:29:15,533:DEBUG:discord.gateway: For Shard ID None: WebSocket Event: {'t': None, 's': None, 'op': 11, 'd': None}
2024-10-14 21:29:27,498:DEBUG:discord.gateway: For Shard ID None: WebSocket Event: {'t': 'PRESENCE_UPDATE', 's': 80, 'op': 0, 'd': {'user': {'username': 'bayn5an', 'id': '718784934483066881', 'global_name': 'Baynaa🐷', 'discriminator': '0', 'clan': None, 'avatar_decoration_data': {'sku_id': '1144058522808614923', 'expires_at': None, 'asset': 'a_d3da36040163ee0f9176dfe7ced45cdc'}, 'avatar': 'a1aaf19c89d0633979c02cc130c74e03'}, 'status': 'dnd', 'guild_id': '1164387280643956819', 'client_status': {'mobile': 'dnd'}, 'broadcast': None, 'activities': []}}
2024-10-14 21:29:27,498:DEBUG:discord.client: Dispatching event socket_event_type
2024-10-14 21:29:27,499:DEBUG:discord.client: Dispatching event presence_update
2024-10-14 21:29:40,756:DEBUG:discord.gateway: For Shard ID None: WebSocket Event: {'t': 'PRESENCE_UPDATE', 's': 81, 'op': 0, 'd': {'user': {'id': '816328822051045436'}, 'status': 'online', 'guild_id': '1164387280643956819', 'client_status': {'web': 'online'}, 'broadcast': None, 'activities': [{'type': 0, 'name': 'New server! -> 100% uptime', 'id': 'ec0b28a579ecb4bd', 'created_at': 1728941380654}]}}
2024-10-14 21:29:40,762:DEBUG:discord.client: Dispatching event socket_event_type
2024-10-14 21:29:40,765:DEBUG:discord.client: Dispatching event presence_update
2024-10-14 21:29:42,301:DEBUG:discord.gateway: For Shard ID None: WebSocket Event: {'t': 'PRESENCE_UPDATE', 's': 82, 'op': 0, 'd': {'user': {'id': '116275390695079945'}, 'status': 'online', 'guild_id': '1283065170628837468', 'client_status': {'web': 'online'}, 'broadcast': None, 'activities': [{'type': 0, 'name': '.xp', 'id': 'ec0b28a579ecb4bd', 'created_at': 1728941382222}]}}
2024-10-14 21:29:42,301:DEBUG:discord.client: Dispatching event socket_event_type
2024-10-14 21:29:42,302:DEBUG:discord.client: Dispatching event presence_update
2024-10-14 21:29:42,304:DEBUG:discord.gateway: For Shard ID None: WebSocket Event: {'t': 'PRESENCE_UPDATE', 's': 83, 'op': 0, 'd': {'user': {'id': '116275390695079945'}, 'status': 'online', 'guild_id': '1164387280643956819', 'client_status': {'web': 'online'}, 'broadcast': None, 'activities': [{'type': 0, 'name': '.xp', 'id': 'ec0b28a579ecb4bd', 'created_at': 1728941382223}]}}
2024-10-14 21:29:42,304:DEBUG:discord.client: Dispatching event socket_event_type
2024-10-14 21:29:42,305:DEBUG:discord.client: Dispatching event presence_update
2024-10-14 21:29:45,243:DEBUG:discord.gateway: For Shard ID None: WebSocket Event: {'t': 'MESSAGE_CREATE', 's': 84, 'op': 0, 'd': {'type': 0, 'tts': False, 'timestamp': '2024-10-14T21:29:45.096000+00:00', 'pinned': False, 'nonce': '1295498800504242176', 'mentions': [], 'mention_roles': [], 'mention_everyone': False, 'member': {'roles': ['1287724958612721665', '1287725033375928321', '1283274104602099783', '1284983021807861800', '1284982756144582697', '1287723581840822282', '1287724074700902440', '1285232011212099698', '1286356621257216020', '1284981753714311289', '1283068091567308923', '1286356234764554303'], 'premium_since': None, 'pending': False, 'nick': '!    DarkMooM', 'mute': False, 'joined_at': '2024-09-16T01:31:35.185000+00:00', 'flags': 0, 'deaf': False, 'communication_disabled_until': None, 'banner': None, 'avatar': None}, 'id': '1295498808272355403', 'flags': 0, 'embeds': [], 'edited_timestamp': None, 'content': 'mbank', 'components': [], 'channel_id': '1285613692905459733', 'author': {'username': 'darkhub2', 'public_flags': 256, 'id': '751055793893146624', 'global_name': 'DarkMooN', 'discriminator': '0', 'clan': None, 'avatar_decoration_data': None, 'avatar': '2c6efdc8f348b58d289a2e0e9f2bd7f8'}, 'attachments': [], 'guild_id': '1283065170628837468'}}
2024-10-14 21:29:45,244:DEBUG:discord.client: Dispatching event socket_event_type
2024-10-14 21:29:45,246:DEBUG:discord.client: Dispatching event message
2024-10-14 21:29:45,248:DEBUG:discord.client: Dispatching event command
2024-10-14 21:29:45,487:DEBUG:discord.gateway: For Shard ID None: WebSocket Event: {'t': 'MESSAGE_CREATE', 's': 85, 'op': 0, 'd': {'type': 0, 'tts': False, 'timestamp': '2024-10-14T21:29:45.387000+00:00', 'pinned': False, 'mentions': [], 'mention_roles': [], 'mention_everyone': False, 'member': {'roles': ['1285548694669754412', '1283274104602099783'], 'premium_since': None, 'pending': False, 'nick': None, 'mute': False, 'joined_at': '2024-09-17T10:31:33.218000+00:00', 'flags': 0, 'deaf': False, 'communication_disabled_until': None, 'banner': None, 'avatar': None}, 'id': '1295498809492639775', 'flags': 0, 'embeds': [{'type': 'rich', 'title': 'Account мэдээлэл', 'footer': {'text': 'Coming soon!'}, 'fields': [{'value': '5000 төгрөг', 'name': 'Дансны дүн', 'inline': False}, {'value': '`mdeposit эсвэл dep <amount>` -Төгрөг хийх', 'name': 'Цэнэглэлт хийх', 'inline': False}, {'value': '`mwithdraw эсвэл wit <amount>` - Төгрөг гаргах', 'name': 'Таталд хийх', 'inline': False}], 'description': '<@751055793893146624>-ийн Дансны мэдээлэл', 'content_scan_version': 0, 'color': 65280}], 'edited_timestamp': None, 'content': '', 'components': [], 'channel_id': '1285613692905459733', 'author': {'username': 'MongolBot', 'public_flags': 0, 'id': '1268983042425487472', 'global_name': None, 'discriminator': '3318', 'clan': None, 'bot': True, 'avatar_decoration_data': None, 'avatar': '2deeabf9d754054a0956cf0a49d71fa9'}, 'attachments': [], 'guild_id': '1283065170628837468'}}
2024-10-14 21:29:45,490:DEBUG:discord.client: Dispatching event socket_event_type
2024-10-14 21:29:45,492:DEBUG:discord.client: Dispatching event message
2024-10-14 21:29:45,518:DEBUG:discord.http: POST https://discord.com/api/v10/channels/1285613692905459733/messages with {"embeds":[{"footer":{"text":"Coming soon!"},"fields":[{"inline":false,"name":"\u0414\u0430\u043d\u0441\u043d\u044b \u0434\u04af\u043d","value":"5000 \u0442\u04e9\u0433\u0440\u04e9\u0433"},{"inline":false,"name":"\u0426\u044d\u043d\u044d\u0433\u043b\u044d\u043b\u0442 \u0445\u0438\u0439\u0445","value":"`mdeposit \u044d\u0441\u0432\u044d\u043b dep <amount>` -\u0422\u04e9\u0433\u0440\u04e9\u0433 \u0445\u0438\u0439\u0445"},{"inline":false,"name":"\u0422\u0430\u0442\u0430\u043b\u0434 \u0445\u0438\u0439\u0445","value":"`mwithdraw \u044d\u0441\u0432\u044d\u043b wit <amount>` - \u0422\u04e9\u0433\u0440\u04e9\u0433 \u0433\u0430\u0440\u0433\u0430\u0445"}],"color":65280,"type":"rich","description":"<@751055793893146624>-\u0438\u0439\u043d \u0414\u0430\u043d\u0441\u043d\u044b \u043c\u044d\u0434\u044d\u044d\u043b\u044d\u043b","title":"Account \u043c\u044d\u0434\u044d\u044d\u043b\u044d\u043b"}],"content":null,"components":[],"tts":false} has returned 200
2024-10-14 21:29:45,520:DEBUG:discord.http: POST https://discord.com/api/v10/channels/1285613692905459733/messages has received {'type': 0, 'content': '', 'mentions': [], 'mention_roles': [], 'attachments': [], 'embeds': [{'type': 'rich', 'title': 'Account мэдээлэл', 'description': '<@751055793893146624>-ийн Дансны мэдээлэл', 'color': 65280, 'fields': [{'name': 'Дансны дүн', 'value': '5000 төгрөг', 'inline': False}, {'name': 'Цэнэглэлт хийх', 'value': '`mdeposit эсвэл dep <amount>` -Төгрөг хийх', 'inline': False}, {'name': 'Таталд хийх', 'value': '`mwithdraw эсвэл wit <amount>` - Төгрөг гаргах', 'inline': False}], 'footer': {'text': 'Coming soon!'}, 'content_scan_version': 0}], 'timestamp': '2024-10-14T21:29:45.387000+00:00', 'edited_timestamp': None, 'flags': 0, 'components': [], 'id': '1295498809492639775', 'channel_id': '1285613692905459733', 'author': {'id': '1268983042425487472', 'username': 'MongolBot', 'avatar': '2deeabf9d754054a0956cf0a49d71fa9', 'discriminator': '3318', 'public_flags': 0, 'flags': 0, 'bot': True, 'banner': None, 'accent_color': None, 'global_name': None, 'avatar_decoration_data': None, 'banner_color': None, 'clan': None}, 'pinned': False, 'mention_everyone': False, 'tts': False}
2024-10-14 21:29:45,523:DEBUG:discord.client: Dispatching event command_completion
2024-10-14 21:29:53,679:DEBUG:discord.gateway: For Shard ID None: WebSocket Event: {'t': 'PRESENCE_UPDATE', 's': 86, 'op': 0, 'd': {'user': {'id': '1087015996918874142'}, 'status': 'idle', 'guild_id': '1164387280643956819', 'client_status': {'mobile': 'idle'}, 'broadcast': None, 'activities': []}}
2024-10-14 21:29:53,680:DEBUG:discord.client: Dispatching event socket_event_type
2024-10-14 21:29:53,682:DEBUG:discord.client: Dispatching event presence_update
2024-10-14 21:29:56,683:DEBUG:discord.gateway: Keeping shard ID None websocket alive with sequence 86.
2024-10-14 21:29:56,794:DEBUG:discord.gateway: For Shard ID None: WebSocket Event: {'t': None, 's': None, 'op': 11, 'd': None}
2024-10-14 21:30:03,139:DEBUG:discord.gateway: For Shard ID None: WebSocket Event: {'t': 'PRESENCE_UPDATE', 's': 87, 'op': 0, 'd': {'user': {'id': '656621136808902656'}, 'status': 'online', 'guild_id': '1283065170628837468', 'client_status': {'web': 'online'}, 'broadcast': None, 'activities': [{'url': 'https://www.twitch.tv/stqlth', 'type': 1, 'name': 'New Zodiac Update!', 'id': 'ec0b28a579ecb4bd', 'created_at': 1728941400438}]}}
2024-10-14 21:30:03,146:DEBUG:discord.client: Dispatching event socket_event_type
2024-10-14 21:30:03,147:DEBUG:discord.client: Dispatching event presence_update
2024-10-14 21:30:09,118:DEBUG:discord.gateway: For Shard ID None: WebSocket Event: {'t': 'PRESENCE_UPDATE', 's': 88, 'op': 0, 'd': {'user': {'id': '871716396093022238'}, 'status': 'online', 'guild_id': '1164387280643956819', 'client_status': {'mobile': 'online'}, 'broadcast': None, 'activities': []}}
2024-10-14 21:30:09,120:DEBUG:discord.client: Dispatching event socket_event_type
2024-10-14 21:30:09,121:DEBUG:discord.client: Dispatching event presence_update
2024-10-14 21:30:10,726:DEBUG:discord.gateway: For Shard ID None: WebSocket Event: {'t': 'PRESENCE_UPDATE', 's': 89, 'op': 0, 'd': {'user': {'id': '816328822051045436'}, 'status': 'online', 'guild_id': '1164387280643956819', 'client_status': {'web': 'online'}, 'broadcast': None, 'activities': [{'type': 0, 'name': 'New server! -> 100% uptime', 'id': 'ec0b28a579ecb4bd', 'created_at': 1728941410656}]}}
2024-10-14 21:30:10,728:DEBUG:discord.client: Dispatching event socket_event_type
2024-10-14 21:30:10,728:DEBUG:discord.client: Dispatching event presence_update
2024-10-14 21:30:12,087:DEBUG:discord.gateway: For Shard ID None: WebSocket Event: {'t': 'PRESENCE_UPDATE', 's': 90, 'op': 0, 'd': {'user': {'id': '871716396093022238'}, 'status': 'idle', 'guild_id': '1164387280643956819', 'client_status': {'mobile': 'idle'}, 'broadcast': None, 'activities': []}}
2024-10-14 21:30:12,089:DEBUG:discord.client: Dispatching event socket_event_type
2024-10-14 21:30:12,092:DEBUG:discord.client: Dispatching event presence_update
2024-10-14 21:30:20,093:DEBUG:discord.gateway: For Shard ID None: WebSocket Event: {'t': 'PRESENCE_UPDATE', 's': 91, 'op': 0, 'd': {'user': {'id': '656621136808902656'}, 'status': 'online', 'guild_id': '1164387280643956819', 'client_status': {'web': 'online'}, 'broadcast': None, 'activities': [{'url': 'https://www.twitch.tv/stqlth', 'type': 1, 'name': 'New Zodiac Update!', 'id': 'ec0b28a579ecb4bd', 'created_at': 1728941400523}]}}
2024-10-14 21:30:20,094:DEBUG:discord.client: Dispatching event socket_event_type
2024-10-14 21:30:20,095:DEBUG:discord.client: Dispatching event presence_update
2024-10-14 21:30:34,581:DEBUG:discord.gateway: For Shard ID None: WebSocket Event: {'t': 'PRESENCE_UPDATE', 's': 92, 'op': 0, 'd': {'user': {'id': '720351927581278219'}, 'status': 'online', 'guild_id': '1164387280643956819', 'client_status': {'web': 'online'}, 'broadcast': None, 'activities': [{'type': 4, 'state': '✨ invite-tracker.com', 'name': 'Custom Status', 'id': 'ec0b28a579ecb4bd', 'created_at': 1728941394505}]}}
2024-10-14 21:30:34,582:DEBUG:discord.client: Dispatching event socket_event_type
2024-10-14 21:30:34,591:DEBUG:discord.client: Dispatching event presence_update
2024-10-14 21:30:37,944:DEBUG:discord.gateway: Keeping shard ID None websocket alive with sequence 92.
2024-10-14 21:30:38,057:DEBUG:discord.gateway: For Shard ID None: WebSocket Event: {'t': None, 's': None, 'op': 11, 'd': None}
2024-10-14 21:30:42,305:DEBUG:discord.gateway: For Shard ID None: WebSocket Event: {'t': 'PRESENCE_UPDATE', 's': 93, 'op': 0, 'd': {'user': {'id': '116275390695079945'}, 'status': 'online', 'guild_id': '1283065170628837468', 'client_status': {'web': 'online'}, 'broadcast': None, 'activities': [{'type': 0, 'name': '.donate to keep the bot alive', 'id': 'ec0b28a579ecb4bd', 'created_at': 1728941442225}]}}
2024-10-14 21:30:42,306:DEBUG:discord.client: Dispatching event socket_event_type
2024-10-14 21:30:42,330:DEBUG:discord.client: Dispatching event presence_update
2024-10-14 21:30:42,337:DEBUG:discord.gateway: For Shard ID None: WebSocket Event: {'t': 'PRESENCE_UPDATE', 's': 94, 'op': 0, 'd': {'user': {'id': '116275390695079945'}, 'status': 'online', 'guild_id': '1164387280643956819', 'client_status': {'web': 'online'}, 'broadcast': None, 'activities': [{'type': 0, 'name': '.donate to keep the bot alive', 'id': 'ec0b28a579ecb4bd', 'created_at': 1728941442226}]}}
2024-10-14 21:30:42,340:DEBUG:discord.client: Dispatching event socket_event_type
2024-10-14 21:30:42,342:DEBUG:discord.client: Dispatching event presence_update
2024-10-14 21:30:42,630:DEBUG:discord.gateway: For Shard ID None: WebSocket Event: {'t': 'PRESENCE_UPDATE', 's': 95, 'op': 0, 'd': {'user': {'id': '720351927581278219'}, 'status': 'online', 'guild_id': '1283065170628837468', 'client_status': {'web': 'online'}, 'broadcast': None, 'activities': [{'type': 4, 'state': '✨ invite-tracker.com', 'name': 'Custom Status', 'id': 'ec0b28a579ecb4bd', 'created_at': 1728941425343}]}}
2024-10-14 21:30:42,631:DEBUG:discord.client: Dispatching event socket_event_type
2024-10-14 21:30:42,631:DEBUG:discord.client: Dispatching event presence_update
2024-10-14 21:30:58,614:DEBUG:discord.gateway: For Shard ID None: WebSocket Event: {'t': 'PRESENCE_UPDATE', 's': 96, 'op': 0, 'd': {'user': {'username': 'jinx1pa', 'public_flags': 128, 'id': '551781621133606916', 'global_name': 'jin⨯💤', 'discriminator': '0', 'clan': None, 'avatar_decoration_data': None, 'avatar': 'b05abe63e0e2bb4014be637a99b0bb2b'}, 'status': 'dnd', 'guild_id': '1164387280643956819', 'client_status': {'desktop': 'dnd'}, 'broadcast': None, 'activities': [{'type': 4, 'state': 'MemU mood 🎧🎧', 'name': 'Custom Status', 'id': 'custom', 'emoji': {'name': '✍️'}, 'created_at': 1728941458443}]}}
2024-10-14 21:30:58,628:DEBUG:discord.client: Dispatching event socket_event_type
2024-10-14 21:30:58,633:DEBUG:discord.client: Dispatching event presence_update
2024-10-14 21:31:09,066:DEBUG:discord.gateway: For Shard ID None: WebSocket Event: {'t': 'PRESENCE_UPDATE', 's': 97, 'op': 0, 'd': {'user': {'id': '1165963909757403269'}, 'status': 'offline', 'guild_id': '1164387280643956819', 'client_status': {}, 'broadcast': None, 'activities': []}}
2024-10-14 21:31:09,067:DEBUG:discord.client: Dispatching event socket_event_type
2024-10-14 21:31:09,069:DEBUG:discord.client: Dispatching event presence_update
2024-10-14 21:31:19,207:DEBUG:discord.gateway: Keeping shard ID None websocket alive with sequence 97.
2024-10-14 21:31:19,321:DEBUG:discord.gateway: For Shard ID None: WebSocket Event: {'t': None, 's': None, 'op': 11, 'd': None}
2024-10-14 21:31:21,895:DEBUG:discord.gateway: For Shard ID None: WebSocket Event: {'t': 'PRESENCE_UPDATE', 's': 98, 'op': 0, 'd': {'user': {'id': '1087015996918874142'}, 'status': 'offline', 'guild_id': '1164387280643956819', 'client_status': {}, 'broadcast': None, 'activities': []}}
2024-10-14 21:31:21,897:DEBUG:discord.client: Dispatching event socket_event_type
2024-10-14 21:31:21,901:DEBUG:discord.client: Dispatching event presence_update
2024-10-14 21:31:33,181:DEBUG:discord.gateway: For Shard ID None: WebSocket Event: {'t': 'PRESENCE_UPDATE', 's': 99, 'op': 0, 'd': {'user': {'id': '730324232378253343'}, 'status': 'dnd', 'guild_id': '1164387280643956819', 'client_status': {'desktop': 'dnd'}, 'broadcast': None, 'activities': [{'type': 2, 'timestamps': {'start': 1728941492470, 'end': 1728941796710}, 'sync_id': '0dcu28YT8cXZH7JTIraszp', 'state': 'LSD and the Search for God', 'session_id': '74d913e58163ea2cc558949dd981785b', 'party': {'id': 'spotify:730324232378253343'}, 'name': 'Spotify', 'id': 'spotify:1', 'flags': 48, 'details': 'Starting Over', 'created_at': 1728941493121, 'assets': {'large_text': 'LSD and the Search for God', 'large_image': 'spotify:ab67616d0000b273be9bb007638d6e2a0f64cab0'}}]}}
2024-10-14 21:31:33,186:DEBUG:discord.client: Dispatching event socket_event_type
2024-10-14 21:31:33,190:DEBUG:discord.client: Dispatching event presence_update
2024-10-14 21:31:40,721:DEBUG:discord.gateway: For Shard ID None: WebSocket Event: {'t': 'PRESENCE_UPDATE', 's': 100, 'op': 0, 'd': {'user': {'id': '816328822051045436'}, 'status': 'online', 'guild_id': '1164387280643956819', 'client_status': {'web': 'online'}, 'broadcast': None, 'activities': [{'type': 0, 'name': 'New server! -> 100% uptime', 'id': 'ec0b28a579ecb4bd', 'created_at': 1728941500650}]}}
2024-10-14 21:31:40,722:DEBUG:discord.client: Dispatching event socket_event_type
2024-10-14 21:31:40,723:DEBUG:discord.client: Dispatching event presence_update
2024-10-14 21:31:42,294:DEBUG:discord.gateway: For Shard ID None: WebSocket Event: {'t': 'PRESENCE_UPDATE', 's': 101, 'op': 0, 'd': {'user': {'id': '116275390695079945'}, 'status': 'online', 'guild_id': '1164387280643956819', 'client_status': {'web': 'online'}, 'broadcast': None, 'activities': [{'type': 0, 'name': '.h for help', 'id': 'ec0b28a579ecb4bd', 'created_at': 1728941502225}]}}
2024-10-14 21:31:42,296:DEBUG:discord.client: Dispatching event socket_event_type
2024-10-14 21:31:42,297:DEBUG:discord.client: Dispatching event presence_update
2024-10-14 21:31:42,299:DEBUG:discord.gateway: For Shard ID None: WebSocket Event: {'t': 'PRESENCE_UPDATE', 's': 102, 'op': 0, 'd': {'user': {'id': '116275390695079945'}, 'status': 'online', 'guild_id': '1283065170628837468', 'client_status': {'web': 'online'}, 'broadcast': None, 'activities': [{'type': 0, 'name': '.h for help', 'id': 'ec0b28a579ecb4bd', 'created_at': 1728941502225}]}}
2024-10-14 21:31:42,302:DEBUG:discord.client: Dispatching event socket_event_type
2024-10-14 21:31:42,306:DEBUG:discord.client: Dispatching event presence_update
2024-10-14 21:31:54,288:DEBUG:discord.gateway: For Shard ID None: WebSocket Event: {'t': 'PRESENCE_UPDATE', 's': 103, 'op': 0, 'd': {'user': {'username': 'khuslen4003', 'id': '764500604361506827', 'global_name': 'Хүслэн', 'discriminator': '0', 'clan': None, 'avatar_decoration_data': None, 'avatar': '0551be784bd291fad8e23a620725a174'}, 'status': 'online', 'guild_id': '1164387280643956819', 'client_status': {'desktop': 'online'}, 'broadcast': None, 'activities': []}}
2024-10-14 21:31:54,289:DEBUG:discord.client: Dispatching event socket_event_type
2024-10-14 21:31:54,290:DEBUG:discord.client: Dispatching event presence_update
2024-10-14 21:32:00,461:DEBUG:discord.gateway: Keeping shard ID None websocket alive with sequence 103.
2024-10-14 21:32:00,568:DEBUG:discord.gateway: For Shard ID None: WebSocket Event: {'t': None, 's': None, 'op': 11, 'd': None}
2024-10-14 21:32:10,735:DEBUG:discord.gateway: For Shard ID None: WebSocket Event: {'t': 'PRESENCE_UPDATE', 's': 104, 'op': 0, 'd': {'user': {'id': '816328822051045436'}, 'status': 'online', 'guild_id': '1164387280643956819', 'client_status': {'web': 'online'}, 'broadcast': None, 'activities': [{'type': 3, 'name': "Karuta's drops!", 'id': 'ec0b28a579ecb4bd', 'created_at': 1728941530656}]}}
2024-10-14 21:32:10,737:DEBUG:discord.client: Dispatching event socket_event_type
2024-10-14 21:32:10,742:DEBUG:discord.client: Dispatching event presence_update
2024-10-14 21:32:32,720:DEBUG:discord.gateway: For Shard ID None: WebSocket Event: {'t': 'PRESENCE_UPDATE', 's': 105, 'op': 0, 'd': {'user': {'id': '1261314093357465794'}, 'status': 'online', 'guild_id': '1283065170628837468', 'client_status': {'desktop': 'online'}, 'broadcast': None, 'activities': [{'type': 0, 'timestamps': {'start': 1728941551696}, 'name': 'Counter-Strike 2', 'id': 'b08eda0fc0f46868', 'created_at': 1728941552664, 'application_id': '1158877933042143272'}]}}
2024-10-14 21:32:32,722:DEBUG:discord.client: Dispatching event socket_event_type
2024-10-14 21:32:32,723:DEBUG:discord.client: Dispatching event presence_update
2024-10-14 21:32:32,727:DEBUG:discord.gateway: For Shard ID None: WebSocket Event: {'t': 'PRESENCE_UPDATE', 's': 106, 'op': 0, 'd': {'user': {'id': '1261314093357465794'}, 'status': 'online', 'guild_id': '1164387280643956819', 'client_status': {'desktop': 'online'}, 'broadcast': None, 'activities': [{'type': 0, 'timestamps': {'start': 1728941551696}, 'name': 'Counter-Strike 2', 'id': 'b08eda0fc0f46868', 'created_at': 1728941552664, 'application_id': '1158877933042143272'}]}}
2024-10-14 21:32:32,727:DEBUG:discord.client: Dispatching event socket_event_type
2024-10-14 21:32:32,728:DEBUG:discord.client: Dispatching event presence_update
2024-10-14 21:32:40,732:DEBUG:discord.gateway: For Shard ID None: WebSocket Event: {'t': 'PRESENCE_UPDATE', 's': 107, 'op': 0, 'd': {'user': {'id': '816328822051045436'}, 'status': 'online', 'guild_id': '1164387280643956819', 'client_status': {'web': 'online'}, 'broadcast': None, 'activities': [{'type': 0, 'name': 'New server! -> 100% uptime', 'id': 'ec0b28a579ecb4bd', 'created_at': 1728941560655}]}}
2024-10-14 21:32:40,733:DEBUG:discord.client: Dispatching event socket_event_type
2024-10-14 21:32:40,745:DEBUG:discord.client: Dispatching event presence_update
2024-10-14 21:32:41,715:DEBUG:discord.gateway: Keeping shard ID None websocket alive with sequence 107.
2024-10-14 21:32:41,832:DEBUG:discord.gateway: For Shard ID None: WebSocket Event: {'t': None, 's': None, 'op': 11, 'd': None}
2024-10-14 21:32:42,292:DEBUG:discord.gateway: For Shard ID None: WebSocket Event: {'t': 'PRESENCE_UPDATE', 's': 108, 'op': 0, 'd': {'user': {'id': '116275390695079945'}, 'status': 'online', 'guild_id': '1283065170628837468', 'client_status': {'web': 'online'}, 'broadcast': None, 'activities': [{'type': 0, 'name': '.h for help', 'id': 'ec0b28a579ecb4bd', 'created_at': 1728941562222}]}}
2024-10-14 21:32:42,293:DEBUG:discord.client: Dispatching event socket_event_type
2024-10-14 21:32:42,301:DEBUG:discord.client: Dispatching event presence_update
2024-10-14 21:32:42,309:DEBUG:discord.gateway: For Shard ID None: WebSocket Event: {'t': 'PRESENCE_UPDATE', 's': 109, 'op': 0, 'd': {'user': {'id': '116275390695079945'}, 'status': 'online', 'guild_id': '1164387280643956819', 'client_status': {'web': 'online'}, 'broadcast': None, 'activities': [{'type': 0, 'name': '.h for help', 'id': 'ec0b28a579ecb4bd', 'created_at': 1728941562225}]}}
2024-10-14 21:32:42,311:DEBUG:discord.client: Dispatching event socket_event_type
2024-10-14 21:32:42,312:DEBUG:discord.client: Dispatching event presence_update
2024-10-14 21:32:45,963:DEBUG:discord.gateway: For Shard ID None: WebSocket Event: {'t': 'PRESENCE_UPDATE', 's': 110, 'op': 0, 'd': {'user': {'id': '372831574942679040'}, 'status': 'online', 'guild_id': '1164387280643956819', 'client_status': {'web': 'online'}, 'broadcast': None, 'activities': [{'type': 3, 'name': '/tips', 'id': 'ec0b28a579ecb4bd', 'created_at': 1728941565894}]}}
2024-10-14 21:32:45,965:DEBUG:discord.client: Dispatching event socket_event_type
2024-10-14 21:32:45,966:DEBUG:discord.client: Dispatching event presence_update
2024-10-14 21:32:56,503:DEBUG:discord.gateway: For Shard ID None: WebSocket Event: {'t': 'PRESENCE_UPDATE', 's': 111, 'op': 0, 'd': {'user': {'id': '1124660825156763698'}, 'status': 'online', 'guild_id': '1164387280643956819', 'client_status': {'web': 'online'}, 'broadcast': None, 'activities': []}}
2024-10-14 21:32:56,505:DEBUG:discord.client: Dispatching event socket_event_type
2024-10-14 21:32:56,506:DEBUG:discord.client: Dispatching event presence_update
2024-10-14 21:32:58,954:DEBUG:discord.gateway: For Shard ID None: WebSocket Event: {'t': 'PRESENCE_UPDATE', 's': 112, 'op': 0, 'd': {'user': {'id': '551781621133606916'}, 'status': 'offline', 'guild_id': '1164387280643956819', 'client_status': {}, 'broadcast': None, 'activities': []}}
2024-10-14 21:32:58,955:DEBUG:discord.client: Dispatching event socket_event_type
2024-10-14 21:32:58,958:DEBUG:discord.client: Dispatching event presence_update
2024-10-14 21:33:01,930:DEBUG:discord.gateway: For Shard ID None: WebSocket Event: {'t': 'PRESENCE_UPDATE', 's': 113, 'op': 0, 'd': {'user': {'id': '1009460012411793428'}, 'status': 'dnd', 'guild_id': '1164387280643956819', 'client_status': {'mobile': 'dnd', 'desktop': 'dnd'}, 'broadcast': None, 'activities': []}}
2024-10-14 21:33:01,932:DEBUG:discord.client: Dispatching event socket_event_type
2024-10-14 21:33:01,933:DEBUG:discord.client: Dispatching event presence_update
2024-10-14 21:33:04,838:DEBUG:discord.gateway: For Shard ID None: WebSocket Event: {'t': 'PRESENCE_UPDATE', 's': 114, 'op': 0, 'd': {'user': {'username': 'rvlixxsia', 'id': '1165963909757403269', 'global_name': 'oh, to be arabella', 'discriminator': '0', 'clan': None, 'avatar_decoration_data': None, 'avatar': '48bc4909c94a6655b90ea583f1c50621'}, 'status': 'dnd', 'guild_id': '1164387280643956819', 'client_status': {'mobile': 'dnd'}, 'broadcast': None, 'activities': [{'type': 4, 'state': 'unshsn nomniiho taalagdsn hesgiig huvaaltsj baigaarai', 'name': 'Custom Status', 'id': 'custom', 'created_at': 1728941584743}]}}
2024-10-14 21:33:04,840:DEBUG:discord.client: Dispatching event socket_event_type
2024-10-14 21:33:04,841:DEBUG:discord.client: Dispatching event presence_update
2024-10-14 21:33:10,738:DEBUG:discord.gateway: For Shard ID None: WebSocket Event: {'t': 'PRESENCE_UPDATE', 's': 115, 'op': 0, 'd': {'user': {'id': '816328822051045436'}, 'status': 'online', 'guild_id': '1164387280643956819', 'client_status': {'web': 'online'}, 'broadcast': None, 'activities': [{'type': 0, 'name': 'New server! -> 100% uptime', 'id': 'ec0b28a579ecb4bd', 'created_at': 1728941590651}]}}
2024-10-14 21:33:10,739:DEBUG:discord.client: Dispatching event socket_event_type
2024-10-14 21:33:10,739:DEBUG:discord.client: Dispatching event presence_update
2024-10-14 21:33:22,971:DEBUG:discord.gateway: Keeping shard ID None websocket alive with sequence 115.
2024-10-14 21:33:23,083:DEBUG:discord.gateway: For Shard ID None: WebSocket Event: {'t': None, 's': None, 'op': 11, 'd': None}
2024-10-14 21:33:31,797:DEBUG:discord.gateway: For Shard ID None: WebSocket Event: {'t': 'PRESENCE_UPDATE', 's': 116, 'op': 0, 'd': {'user': {'id': '408785106942164992'}, 'status': 'online', 'guild_id': '1283065170628837468', 'client_status': {'web': 'online'}, 'broadcast': None, 'activities': [{'url': 'https://www.twitch.tv/owobotplays', 'type': 1, 'name': ' with 4,165,672 servers!', 'id': 'ec0b28a579ecb4bd', 'created_at': 1728941570937}]}}
2024-10-14 21:33:31,807:DEBUG:discord.client: Dispatching event socket_event_type
2024-10-14 21:33:31,808:DEBUG:discord.client: Dispatching event presence_update
2024-10-14 21:33:33,817:DEBUG:discord.gateway: For Shard ID None: WebSocket Event: {'t': 'PRESENCE_UPDATE', 's': 117, 'op': 0, 'd': {'user': {'id': '853629533855809596'}, 'status': 'online', 'guild_id': '1164387280643956819', 'client_status': {'web': 'online'}, 'broadcast': None, 'activities': [{'type': 3, 'name': '215,019 servers | Shard: 15', 'id': 'ec0b28a579ecb4bd', 'created_at': 1728941609409}]}}
2024-10-14 21:33:33,818:DEBUG:discord.client: Dispatching event socket_event_type
2024-10-14 21:33:33,819:DEBUG:discord.client: Dispatching event presence_update
2024-10-14 21:33:34,802:DEBUG:discord.gateway: For Shard ID None: WebSocket Event: {'t': 'PRESENCE_UPDATE', 's': 118, 'op': 0, 'd': {'user': {'id': '408785106942164992'}, 'status': 'online', 'guild_id': '1164387280643956819', 'client_status': {'web': 'online'}, 'broadcast': None, 'activities': [{'url': 'https://www.twitch.tv/owobotplays', 'type': 1, 'name': ' with 4,165,673 servers!', 'id': 'ec0b28a579ecb4bd', 'created_at': 1728941592543}]}}
2024-10-14 21:33:34,802:DEBUG:discord.client: Dispatching event socket_event_type
2024-10-14 21:33:34,803:DEBUG:discord.client: Dispatching event presence_update
2024-10-14 21:33:40,745:DEBUG:discord.gateway: For Shard ID None: WebSocket Event: {'t': 'PRESENCE_UPDATE', 's': 119, 'op': 0, 'd': {'user': {'id': '816328822051045436'}, 'status': 'online', 'guild_id': '1164387280643956819', 'client_status': {'web': 'online'}, 'broadcast': None, 'activities': [{'type': 0, 'name': 'Join the official server for free giveaways! sf.invite', 'id': 'ec0b28a579ecb4bd', 'created_at': 1728941620652}]}}
2024-10-14 21:33:40,745:DEBUG:discord.client: Dispatching event socket_event_type
2024-10-14 21:33:40,746:DEBUG:discord.client: Dispatching event presence_update
2024-10-14 21:33:42,291:DEBUG:discord.gateway: For Shard ID None: WebSocket Event: {'t': 'PRESENCE_UPDATE', 's': 120, 'op': 0, 'd': {'user': {'id': '116275390695079945'}, 'status': 'online', 'guild_id': '1283065170628837468', 'client_status': {'web': 'online'}, 'broadcast': None, 'activities': [{'type': 0, 'name': '.crypto btc', 'id': 'ec0b28a579ecb4bd', 'created_at': 1728941622224}]}}
2024-10-14 21:33:42,291:DEBUG:discord.client: Dispatching event socket_event_type
2024-10-14 21:33:42,292:DEBUG:discord.client: Dispatching event presence_update
2024-10-14 21:33:42,308:DEBUG:discord.gateway: For Shard ID None: WebSocket Event: {'t': 'PRESENCE_UPDATE', 's': 121, 'op': 0, 'd': {'user': {'id': '116275390695079945'}, 'status': 'online', 'guild_id': '1164387280643956819', 'client_status': {'web': 'online'}, 'broadcast': None, 'activities': [{'type': 0, 'name': '.crypto btc', 'id': 'ec0b28a579ecb4bd', 'created_at': 1728941622222}]}}
2024-10-14 21:33:42,309:DEBUG:discord.client: Dispatching event socket_event_type
2024-10-14 21:33:42,312:DEBUG:discord.client: Dispatching event presence_update
2024-10-14 21:33:47,414:DEBUG:discord.gateway: For Shard ID None: WebSocket Event: {'t': 'PRESENCE_UPDATE', 's': 122, 'op': 0, 'd': {'user': {'id': '1007604945186472036'}, 'status': 'idle', 'guild_id': '1164387280643956819', 'client_status': {'mobile': 'idle'}, 'broadcast': None, 'activities': []}}
2024-10-14 21:33:47,415:DEBUG:discord.client: Dispatching event socket_event_type
2024-10-14 21:33:47,415:DEBUG:discord.client: Dispatching event presence_update
2024-10-14 21:34:01,981:DEBUG:discord.gateway: For Shard ID None: WebSocket Event: {'t': 'PRESENCE_UPDATE', 's': 123, 'op': 0, 'd': {'user': {'id': '1005560373262422177'}, 'status': 'offline', 'guild_id': '1164387280643956819', 'client_status': {}, 'broadcast': None, 'activities': []}}
2024-10-14 21:34:01,986:DEBUG:discord.client: Dispatching event socket_event_type
2024-10-14 21:34:01,989:DEBUG:discord.client: Dispatching event presence_update
2024-10-14 21:34:04,236:DEBUG:discord.gateway: Keeping shard ID None websocket alive with sequence 123.
2024-10-14 21:34:04,349:DEBUG:discord.gateway: For Shard ID None: WebSocket Event: {'t': None, 's': None, 'op': 11, 'd': None}
2024-10-14 21:34:16,975:DEBUG:discord.gateway: For Shard ID None: WebSocket Event: {'t': 'PRESENCE_UPDATE', 's': 124, 'op': 0, 'd': {'user': {'username': 'khandgai', 'id': '1087015996918874142', 'global_name': '🫎Хандгай🫎', 'discriminator': '0', 'clan': None, 'avatar_decoration_data': None, 'avatar': 'af669299a5cb2264496ec686e83ebd96'}, 'status': 'online', 'guild_id': '1164387280643956819', 'client_status': {'mobile': 'online'}, 'broadcast': None, 'activities': []}}
2024-10-14 21:34:16,982:DEBUG:discord.client: Dispatching event socket_event_type
2024-10-14 21:34:16,984:DEBUG:discord.client: Dispatching event presence_update
2024-10-14 21:34:22,044:DEBUG:discord.gateway: For Shard ID None: WebSocket Event: {'t': 'PRESENCE_UPDATE', 's': 125, 'op': 0, 'd': {'user': {'id': '1160467289188085772'}, 'status': 'online', 'guild_id': '1164387280643956819', 'client_status': {'desktop': 'online'}, 'broadcast': None, 'activities': []}}
2024-10-14 21:34:22,048:DEBUG:discord.client: Dispatching event socket_event_type
2024-10-14 21:34:22,049:DEBUG:discord.client: Dispatching event presence_update
2024-10-14 21:34:27,078:DEBUG:discord.gateway: For Shard ID None: WebSocket Event: {'t': 'PRESENCE_UPDATE', 's': 126, 'op': 0, 'd': {'user': {'id': '1160467289188085772'}, 'status': 'online', 'guild_id': '1164387280643956819', 'client_status': {'desktop': 'online'}, 'broadcast': None, 'activities': [{'type': 0, 'timestamps': {'start': 1728941212120}, 'name': 'VALORANT', 'id': 'd64fbbea3f7b4b3c', 'created_at': 1728941667010, 'application_id': '700136079562375258'}]}}
2024-10-14 21:34:27,080:DEBUG:discord.client: Dispatching event socket_event_type
2024-10-14 21:34:27,080:DEBUG:discord.client: Dispatching event presence_update
2024-10-14 21:34:40,749:DEBUG:discord.gateway: For Shard ID None: WebSocket Event: {'t': 'PRESENCE_UPDATE', 's': 127, 'op': 0, 'd': {'user': {'id': '816328822051045436'}, 'status': 'online', 'guild_id': '1164387280643956819', 'client_status': {'web': 'online'}, 'broadcast': None, 'activities': [{'type': 0, 'name': 'New server! -> 100% uptime', 'id': 'ec0b28a579ecb4bd', 'created_at': 1728941680658}]}}
2024-10-14 21:34:40,750:DEBUG:discord.client: Dispatching event socket_event_type
2024-10-14 21:34:40,750:DEBUG:discord.client: Dispatching event presence_update
2024-10-14 21:34:42,298:DEBUG:discord.gateway: For Shard ID None: WebSocket Event: {'t': 'PRESENCE_UPDATE', 's': 128, 'op': 0, 'd': {'user': {'id': '116275390695079945'}, 'status': 'online', 'guild_id': '1283065170628837468', 'client_status': {'web': 'online'}, 'broadcast': None, 'activities': [{'type': 0, 'name': '.ani steins;gate', 'id': 'ec0b28a579ecb4bd', 'created_at': 1728941682222}]}}
2024-10-14 21:34:42,299:DEBUG:discord.client: Dispatching event socket_event_type
2024-10-14 21:34:42,299:DEBUG:discord.client: Dispatching event presence_update
2024-10-14 21:34:42,319:DEBUG:discord.gateway: For Shard ID None: WebSocket Event: {'t': 'PRESENCE_UPDATE', 's': 129, 'op': 0, 'd': {'user': {'id': '116275390695079945'}, 'status': 'online', 'guild_id': '1164387280643956819', 'client_status': {'web': 'online'}, 'broadcast': None, 'activities': [{'type': 0, 'name': '.ani steins;gate', 'id': 'ec0b28a579ecb4bd', 'created_at': 1728941682222}]}}
2024-10-14 21:34:42,320:DEBUG:discord.client: Dispatching event socket_event_type
2024-10-14 21:34:42,320:DEBUG:discord.client: Dispatching event presence_update
2024-10-14 21:34:45,498:DEBUG:discord.gateway: Keeping shard ID None websocket alive with sequence 129.
2024-10-14 21:34:45,614:DEBUG:discord.gateway: For Shard ID None: WebSocket Event: {'t': None, 's': None, 'op': 11, 'd': None}
2024-10-14 21:34:52,330:DEBUG:discord.gateway: For Shard ID None: WebSocket Event: {'t': 'PRESENCE_UPDATE', 's': 130, 'op': 0, 'd': {'user': {'id': '509765044121370630'}, 'status': 'online', 'guild_id': '1164387280643956819', 'client_status': {'desktop': 'online'}, 'broadcast': None, 'activities': []}}
2024-10-14 21:34:52,332:DEBUG:discord.client: Dispatching event socket_event_type
2024-10-14 21:34:52,336:DEBUG:discord.client: Dispatching event presence_update
2024-10-14 21:34:53,502:DEBUG:discord.gateway: For Shard ID None: WebSocket Event: {'t': 'PRESENCE_UPDATE', 's': 131, 'op': 0, 'd': {'user': {'id': '408785106942164992'}, 'status': 'online', 'guild_id': '1148279487289626654', 'client_status': {'web': 'online'}, 'broadcast': None, 'activities': [{'url': 'https://www.twitch.tv/owobotplays', 'type': 1, 'name': ' with 4,165,673 servers!', 'id': 'ec0b28a579ecb4bd', 'created_at': 1728941598183}]}}
2024-10-14 21:34:53,503:DEBUG:discord.client: Dispatching event socket_event_type
2024-10-14 21:34:53,504:DEBUG:discord.client: Dispatching event presence_update
2024-10-14 21:34:57,620:DEBUG:discord.gateway: For Shard ID None: WebSocket Event: {'t': 'PRESENCE_UPDATE', 's': 132, 'op': 0, 'd': {'user': {'id': '1009460012411793428'}, 'status': 'dnd', 'guild_id': '1164387280643956819', 'client_status': {'mobile': 'dnd', 'desktop': 'dnd'}, 'broadcast': None, 'activities': [{'type': 0, 'timestamps': {'start': 1728941695312}, 'name': 'VALORANT', 'id': '7ecc6ee31c4f5403', 'created_at': 1728941697557, 'application_id': '700136079562375258'}]}}
2024-10-14 21:34:57,621:DEBUG:discord.client: Dispatching event socket_event_type
2024-10-14 21:34:57,622:DEBUG:discord.client: Dispatching event presence_update
2024-10-14 21:35:07,464:DEBUG:discord.gateway: For Shard ID None: WebSocket Event: {'t': 'PRESENCE_UPDATE', 's': 133, 'op': 0, 'd': {'user': {'id': '656621136808902656'}, 'status': 'online', 'guild_id': '1164387280643956819', 'client_status': {'web': 'online'}, 'broadcast': None, 'activities': [{'url': 'https://www.twitch.tv/stqlth', 'type': 1, 'name': 'New Zodiac Update!', 'id': 'ec0b28a579ecb4bd', 'created_at': 1728941700484}]}}
2024-10-14 21:35:07,467:DEBUG:discord.client: Dispatching event socket_event_type
2024-10-14 21:35:07,468:DEBUG:discord.client: Dispatching event presence_update
2024-10-14 21:35:10,087:DEBUG:discord.gateway: For Shard ID None: WebSocket Event: {'t': 'PRESENCE_UPDATE', 's': 134, 'op': 0, 'd': {'user': {'id': '1009460012411793428'}, 'status': 'dnd', 'guild_id': '1164387280643956819', 'client_status': {'mobile': 'dnd', 'desktop': 'dnd'}, 'broadcast': None, 'activities': [{'type': 0, 'timestamps': {'start': 1728941707763}, 'state': 'with Medal.tv', 'session_id': 'b20f8afd80c5c68d68183117a0baf384', 'name': 'Medal', 'id': '4b918b1c27c2919b', 'details': 'Clipping Valorant ', 'created_at': 1728941710025, 'buttons': ['Follow on Medal', 'Download Medal'], 'assets': {'large_text': 'Valorant', 'large_image': '859167360925564958'}, 'application_id': '307998818547531777'}, {'type': 0, 'timestamps': {'start': 1728941695312}, 'name': 'VALORANT', 'id': '7ecc6ee31c4f5403', 'created_at': 1728941697557, 'application_id': '700136079562375258'}]}}
2024-10-14 21:35:10,088:DEBUG:discord.client: Dispatching event socket_event_type
2024-10-14 21:35:10,095:DEBUG:discord.client: Dispatching event presence_update
2024-10-14 21:35:10,758:DEBUG:discord.gateway: For Shard ID None: WebSocket Event: {'t': 'PRESENCE_UPDATE', 's': 135, 'op': 0, 'd': {'user': {'id': '871716396093022238'}, 'status': 'online', 'guild_id': '1164387280643956819', 'client_status': {'mobile': 'online'}, 'broadcast': None, 'activities': []}}
2024-10-14 21:35:10,761:DEBUG:discord.client: Dispatching event socket_event_type
2024-10-14 21:35:10,761:DEBUG:discord.client: Dispatching event presence_update
2024-10-14 21:35:12,166:DEBUG:discord.gateway: For Shard ID None: WebSocket Event: {'t': 'PRESENCE_UPDATE', 's': 136, 'op': 0, 'd': {'user': {'id': '656621136808902656'}, 'status': 'online', 'guild_id': '1283065170628837468', 'client_status': {'web': 'online'}, 'broadcast': None, 'activities': [{'url': 'https://www.twitch.tv/stqlth', 'type': 1, 'name': 'New Zodiac Update!', 'id': 'ec0b28a579ecb4bd', 'created_at': 1728941700370}]}}
2024-10-14 21:35:12,168:DEBUG:discord.client: Dispatching event socket_event_type
2024-10-14 21:35:12,169:DEBUG:discord.client: Dispatching event presence_update
2024-10-14 21:35:12,232:DEBUG:discord.gateway: For Shard ID None: WebSocket Event: {'t': 'PRESENCE_UPDATE', 's': 137, 'op': 0, 'd': {'user': {'id': '871716396093022238'}, 'status': 'idle', 'guild_id': '1164387280643956819', 'client_status': {'mobile': 'idle'}, 'broadcast': None, 'activities': []}}
2024-10-14 21:35:12,237:DEBUG:discord.client: Dispatching event socket_event_type
2024-10-14 21:35:12,241:DEBUG:discord.client: Dispatching event presence_update
2024-10-14 21:35:18,066:DEBUG:discord.gateway: For Shard ID None: WebSocket Event: {'t': 'PRESENCE_UPDATE', 's': 138, 'op': 0, 'd': {'user': {'username': 'jargalmaa', 'public_flags': 64, 'id': '727190358219292752', 'global_name': 'Jargalmaa', 'discriminator': '0', 'clan': None, 'avatar_decoration_data': None, 'avatar': 'a7fa82e591c131f9231807923c6f9e47'}, 'status': 'dnd', 'guild_id': '1164387280643956819', 'client_status': {'desktop': 'dnd'}, 'broadcast': None, 'activities': []}}
2024-10-14 21:35:18,067:DEBUG:discord.client: Dispatching event socket_event_type
2024-10-14 21:35:18,069:DEBUG:discord.client: Dispatching event presence_update
2024-10-14 21:35:20,364:DEBUG:discord.gateway: For Shard ID None: WebSocket Event: {'t': 'PRESENCE_UPDATE', 's': 139, 'op': 0, 'd': {'user': {'id': '742070928111960155'}, 'status': 'online', 'guild_id': '1164387280643956819', 'client_status': {'web': 'online'}, 'broadcast': None, 'activities': [{'type': 3, 'name': '15337 servers | Shard: 1', 'id': 'ec0b28a579ecb4bd', 'created_at': 1728941720301}]}}
2024-10-14 21:35:20,364:DEBUG:discord.client: Dispatching event socket_event_type
2024-10-14 21:35:20,365:DEBUG:discord.client: Dispatching event presence_update
2024-10-14 21:35:22,320:DEBUG:discord.gateway: For Shard ID None: WebSocket Event: {'t': 'PRESENCE_UPDATE', 's': 140, 'op': 0, 'd': {'user': {'id': '727190358219292752'}, 'status': 'dnd', 'guild_id': '1164387280643956819', 'client_status': {'desktop': 'dnd'}, 'broadcast': None, 'activities': [{'type': 0, 'timestamps': {'start': 1728941732781}, 'name': 'VALORANT', 'id': '2b913140e7715dbf', 'created_at': 1728941722255, 'application_id': '700136079562375258'}]}}
2024-10-14 21:35:22,336:DEBUG:discord.client: Dispatching event socket_event_type
2024-10-14 21:35:22,337:DEBUG:discord.client: Dispatching event presence_update
2024-10-14 21:35:26,762:DEBUG:discord.gateway: Keeping shard ID None websocket alive with sequence 140.
2024-10-14 21:35:26,872:DEBUG:discord.gateway: For Shard ID None: WebSocket Event: {'t': None, 's': None, 'op': 11, 'd': None}
2024-10-14 21:35:40,736:DEBUG:discord.gateway: For Shard ID None: WebSocket Event: {'t': 'PRESENCE_UPDATE', 's': 141, 'op': 0, 'd': {'user': {'id': '816328822051045436'}, 'status': 'online', 'guild_id': '1164387280643956819', 'client_status': {'web': 'online'}, 'broadcast': None, 'activities': [{'type': 3, 'name': "Karuta's drops!", 'id': 'ec0b28a579ecb4bd', 'created_at': 1728941740654}]}}
2024-10-14 21:35:40,741:DEBUG:discord.client: Dispatching event socket_event_type
2024-10-14 21:35:40,744:DEBUG:discord.client: Dispatching event presence_update
2024-10-14 21:35:42,292:DEBUG:discord.gateway: For Shard ID None: WebSocket Event: {'t': 'PRESENCE_UPDATE', 's': 142, 'op': 0, 'd': {'user': {'id': '116275390695079945'}, 'status': 'online', 'guild_id': '1283065170628837468', 'client_status': {'web': 'online'}, 'broadcast': None, 'activities': [{'type': 0, 'name': '.trivia --pokemon', 'id': 'ec0b28a579ecb4bd', 'created_at': 1728941742223}]}}
2024-10-14 21:35:42,297:DEBUG:discord.client: Dispatching event socket_event_type
2024-10-14 21:35:42,298:DEBUG:discord.client: Dispatching event presence_update
2024-10-14 21:35:42,304:DEBUG:discord.gateway: For Shard ID None: WebSocket Event: {'t': 'PRESENCE_UPDATE', 's': 143, 'op': 0, 'd': {'user': {'id': '116275390695079945'}, 'status': 'online', 'guild_id': '1164387280643956819', 'client_status': {'web': 'online'}, 'broadcast': None, 'activities': [{'type': 0, 'name': '.trivia --pokemon', 'id': 'ec0b28a579ecb4bd', 'created_at': 1728941742223}]}}
2024-10-14 21:35:42,305:DEBUG:discord.client: Dispatching event socket_event_type
2024-10-14 21:35:42,306:DEBUG:discord.client: Dispatching event presence_update
2024-10-14 21:35:47,177:DEBUG:discord.gateway: For Shard ID None: WebSocket Event: {'t': 'PRESENCE_UPDATE', 's': 144, 'op': 0, 'd': {'user': {'id': '1009460012411793428'}, 'status': 'dnd', 'guild_id': '1164387280643956819', 'client_status': {'desktop': 'dnd'}, 'broadcast': None, 'activities': [{'type': 0, 'timestamps': {'start': 1728941707763}, 'state': 'with Medal.tv', 'session_id': 'b20f8afd80c5c68d68183117a0baf384', 'name': 'Medal', 'id': '4b918b1c27c2919b', 'details': 'Clipping Valorant ', 'created_at': 1728941710025, 'buttons': ['Follow on Medal', 'Download Medal'], 'assets': {'large_text': 'Valorant', 'large_image': '859167360925564958'}, 'application_id': '307998818547531777'}, {'type': 0, 'timestamps': {'start': 1728941695312}, 'name': 'VALORANT', 'id': '7ecc6ee31c4f5403', 'created_at': 1728941697557, 'application_id': '700136079562375258'}]}}
2024-10-14 21:35:47,185:DEBUG:discord.client: Dispatching event socket_event_type
2024-10-14 21:35:47,186:DEBUG:discord.client: Dispatching event presence_update
